C:/Users/Aron/Documents/GitHub/Digital_guitar_effect/app/STM_AUDIO_BOARD_V2/stm_audio_board_OCTAVE_test/Drivers/STM32H7xx_HAL_Driver/Src/stm32h7xx_hal_i2s.c:512:13:HAL_I2S_MspInit	0	static
C:/Users/Aron/Documents/GitHub/Digital_guitar_effect/app/STM_AUDIO_BOARD_V2/stm_audio_board_OCTAVE_test/Drivers/STM32H7xx_HAL_Driver/Src/stm32h7xx_hal_i2s.c:528:13:HAL_I2S_MspDeInit	0	static
C:/Users/Aron/Documents/GitHub/Digital_guitar_effect/app/STM_AUDIO_BOARD_V2/stm_audio_board_OCTAVE_test/Drivers/STM32H7xx_HAL_Driver/Src/stm32h7xx_hal_i2s.c:1990:13:HAL_I2S_TxHalfCpltCallback	0	static
C:/Users/Aron/Documents/GitHub/Digital_guitar_effect/app/STM_AUDIO_BOARD_V2/stm_audio_board_OCTAVE_test/Drivers/STM32H7xx_HAL_Driver/Src/stm32h7xx_hal_i2s.c:2006:13:HAL_I2S_TxCpltCallback	0	static
C:/Users/Aron/Documents/GitHub/Digital_guitar_effect/app/STM_AUDIO_BOARD_V2/stm_audio_board_OCTAVE_test/Drivers/STM32H7xx_HAL_Driver/Src/stm32h7xx_hal_i2s.c:2022:13:HAL_I2S_RxHalfCpltCallback	0	static
C:/Users/Aron/Documents/GitHub/Digital_guitar_effect/app/STM_AUDIO_BOARD_V2/stm_audio_board_OCTAVE_test/Drivers/STM32H7xx_HAL_Driver/Src/stm32h7xx_hal_i2s.c:2038:13:HAL_I2S_RxCpltCallback	0	static
C:/Users/Aron/Documents/GitHub/Digital_guitar_effect/app/STM_AUDIO_BOARD_V2/stm_audio_board_OCTAVE_test/Drivers/STM32H7xx_HAL_Driver/Src/stm32h7xx_hal_i2s.c:2054:13:HAL_I2SEx_TxRxHalfCpltCallback	0	static
C:/Users/Aron/Documents/GitHub/Digital_guitar_effect/app/STM_AUDIO_BOARD_V2/stm_audio_board_OCTAVE_test/Drivers/STM32H7xx_HAL_Driver/Src/stm32h7xx_hal_i2s.c:2070:13:HAL_I2SEx_TxRxCpltCallback	0	static
C:/Users/Aron/Documents/GitHub/Digital_guitar_effect/app/STM_AUDIO_BOARD_V2/stm_audio_board_OCTAVE_test/Drivers/STM32H7xx_HAL_Driver/Src/stm32h7xx_hal_i2s.c:2086:13:HAL_I2S_ErrorCallback	0	static
C:/Users/Aron/Documents/GitHub/Digital_guitar_effect/app/STM_AUDIO_BOARD_V2/stm_audio_board_OCTAVE_test/Drivers/STM32H7xx_HAL_Driver/Src/stm32h7xx_hal_i2s.c:2153:13:I2S_DMATxCplt	8	static
C:/Users/Aron/Documents/GitHub/Digital_guitar_effect/app/STM_AUDIO_BOARD_V2/stm_audio_board_OCTAVE_test/Drivers/STM32H7xx_HAL_Driver/Src/stm32h7xx_hal_i2s.c:2181:13:I2S_DMATxHalfCplt	8	static
C:/Users/Aron/Documents/GitHub/Digital_guitar_effect/app/STM_AUDIO_BOARD_V2/stm_audio_board_OCTAVE_test/Drivers/STM32H7xx_HAL_Driver/Src/stm32h7xx_hal_i2s.c:2200:13:I2S_DMARxCplt	8	static
C:/Users/Aron/Documents/GitHub/Digital_guitar_effect/app/STM_AUDIO_BOARD_V2/stm_audio_board_OCTAVE_test/Drivers/STM32H7xx_HAL_Driver/Src/stm32h7xx_hal_i2s.c:2227:13:I2S_DMARxHalfCplt	8	static
C:/Users/Aron/Documents/GitHub/Digital_guitar_effect/app/STM_AUDIO_BOARD_V2/stm_audio_board_OCTAVE_test/Drivers/STM32H7xx_HAL_Driver/Src/stm32h7xx_hal_i2s.c:2246:13:I2SEx_DMATxRxCplt	8	static
C:/Users/Aron/Documents/GitHub/Digital_guitar_effect/app/STM_AUDIO_BOARD_V2/stm_audio_board_OCTAVE_test/Drivers/STM32H7xx_HAL_Driver/Src/stm32h7xx_hal_i2s.c:2279:13:I2SEx_DMATxRxHalfCplt	8	static
C:/Users/Aron/Documents/GitHub/Digital_guitar_effect/app/STM_AUDIO_BOARD_V2/stm_audio_board_OCTAVE_test/Drivers/STM32H7xx_HAL_Driver/Src/stm32h7xx_hal_i2s.c:2297:13:I2S_DMAError	8	static
C:/Users/Aron/Documents/GitHub/Digital_guitar_effect/app/STM_AUDIO_BOARD_V2/stm_audio_board_OCTAVE_test/Drivers/STM32H7xx_HAL_Driver/Src/stm32h7xx_hal_i2s.c:2325:13:I2S_Transmit_16Bit_IT	8	static
C:/Users/Aron/Documents/GitHub/Digital_guitar_effect/app/STM_AUDIO_BOARD_V2/stm_audio_board_OCTAVE_test/Drivers/STM32H7xx_HAL_Driver/Src/stm32h7xx_hal_i2s.c:2363:13:I2S_Transmit_32Bit_IT	8	static
C:/Users/Aron/Documents/GitHub/Digital_guitar_effect/app/STM_AUDIO_BOARD_V2/stm_audio_board_OCTAVE_test/Drivers/STM32H7xx_HAL_Driver/Src/stm32h7xx_hal_i2s.c:2395:13:I2S_Receive_16Bit_IT	8	static
C:/Users/Aron/Documents/GitHub/Digital_guitar_effect/app/STM_AUDIO_BOARD_V2/stm_audio_board_OCTAVE_test/Drivers/STM32H7xx_HAL_Driver/Src/stm32h7xx_hal_i2s.c:2451:13:I2S_Receive_32Bit_IT	8	static
C:/Users/Aron/Documents/GitHub/Digital_guitar_effect/app/STM_AUDIO_BOARD_V2/stm_audio_board_OCTAVE_test/Drivers/STM32H7xx_HAL_Driver/Src/stm32h7xx_hal_i2s.c:2505:26:I2S_WaitFlagStateUntilTimeout	32	static
C:/Users/Aron/Documents/GitHub/Digital_guitar_effect/app/STM_AUDIO_BOARD_V2/stm_audio_board_OCTAVE_test/Drivers/STM32H7xx_HAL_Driver/Src/stm32h7xx_hal_i2s.c:267:19:HAL_I2S_Init	16	static
C:/Users/Aron/Documents/GitHub/Digital_guitar_effect/app/STM_AUDIO_BOARD_V2/stm_audio_board_OCTAVE_test/Drivers/STM32H7xx_HAL_Driver/Src/stm32h7xx_hal_i2s.c:468:19:HAL_I2S_DeInit	8	static
C:/Users/Aron/Documents/GitHub/Digital_guitar_effect/app/STM_AUDIO_BOARD_V2/stm_audio_board_OCTAVE_test/Drivers/STM32H7xx_HAL_Driver/Src/stm32h7xx_hal_i2s.c:548:19:HAL_I2S_RegisterCallback	4	static
C:/Users/Aron/Documents/GitHub/Digital_guitar_effect/app/STM_AUDIO_BOARD_V2/stm_audio_board_OCTAVE_test/Drivers/STM32H7xx_HAL_Driver/Src/stm32h7xx_hal_i2s.c:656:19:HAL_I2S_UnRegisterCallback	0	static
C:/Users/Aron/Documents/GitHub/Digital_guitar_effect/app/STM_AUDIO_BOARD_V2/stm_audio_board_OCTAVE_test/Drivers/STM32H7xx_HAL_Driver/Src/stm32h7xx_hal_i2s.c:812:19:HAL_I2S_Transmit	40	static
C:/Users/Aron/Documents/GitHub/Digital_guitar_effect/app/STM_AUDIO_BOARD_V2/stm_audio_board_OCTAVE_test/Drivers/STM32H7xx_HAL_Driver/Src/stm32h7xx_hal_i2s.c:933:19:HAL_I2S_Receive	40	static
C:/Users/Aron/Documents/GitHub/Digital_guitar_effect/app/STM_AUDIO_BOARD_V2/stm_audio_board_OCTAVE_test/Drivers/STM32H7xx_HAL_Driver/Src/stm32h7xx_hal_i2s.c:1043:19:HAL_I2SEx_TransmitReceive	32	static
C:/Users/Aron/Documents/GitHub/Digital_guitar_effect/app/STM_AUDIO_BOARD_V2/stm_audio_board_OCTAVE_test/Drivers/STM32H7xx_HAL_Driver/Src/stm32h7xx_hal_i2s.c:1192:19:HAL_I2S_Transmit_IT	4	static
C:/Users/Aron/Documents/GitHub/Digital_guitar_effect/app/STM_AUDIO_BOARD_V2/stm_audio_board_OCTAVE_test/Drivers/STM32H7xx_HAL_Driver/Src/stm32h7xx_hal_i2s.c:1268:19:HAL_I2S_Receive_IT	4	static
C:/Users/Aron/Documents/GitHub/Digital_guitar_effect/app/STM_AUDIO_BOARD_V2/stm_audio_board_OCTAVE_test/Drivers/STM32H7xx_HAL_Driver/Src/stm32h7xx_hal_i2s.c:1342:19:HAL_I2SEx_TransmitReceive_IT	8	static
C:/Users/Aron/Documents/GitHub/Digital_guitar_effect/app/STM_AUDIO_BOARD_V2/stm_audio_board_OCTAVE_test/Drivers/STM32H7xx_HAL_Driver/Src/stm32h7xx_hal_i2s.c:1420:19:HAL_I2S_Transmit_DMA	16	static
C:/Users/Aron/Documents/GitHub/Digital_guitar_effect/app/STM_AUDIO_BOARD_V2/stm_audio_board_OCTAVE_test/Drivers/STM32H7xx_HAL_Driver/Src/stm32h7xx_hal_i2s.c:1506:19:HAL_I2S_Receive_DMA	16	static
C:/Users/Aron/Documents/GitHub/Digital_guitar_effect/app/STM_AUDIO_BOARD_V2/stm_audio_board_OCTAVE_test/Drivers/STM32H7xx_HAL_Driver/Src/stm32h7xx_hal_i2s.c:1593:19:HAL_I2SEx_TransmitReceive_DMA	16	static
C:/Users/Aron/Documents/GitHub/Digital_guitar_effect/app/STM_AUDIO_BOARD_V2/stm_audio_board_OCTAVE_test/Drivers/STM32H7xx_HAL_Driver/Src/stm32h7xx_hal_i2s.c:1693:19:HAL_I2S_DMAPause	16	static
C:/Users/Aron/Documents/GitHub/Digital_guitar_effect/app/STM_AUDIO_BOARD_V2/stm_audio_board_OCTAVE_test/Drivers/STM32H7xx_HAL_Driver/Src/stm32h7xx_hal_i2s.c:1765:19:HAL_I2S_DMAResume	0	static
C:/Users/Aron/Documents/GitHub/Digital_guitar_effect/app/STM_AUDIO_BOARD_V2/stm_audio_board_OCTAVE_test/Drivers/STM32H7xx_HAL_Driver/Src/stm32h7xx_hal_i2s.c:1800:19:HAL_I2S_DMAStop	16	static
C:/Users/Aron/Documents/GitHub/Digital_guitar_effect/app/STM_AUDIO_BOARD_V2/stm_audio_board_OCTAVE_test/Drivers/STM32H7xx_HAL_Driver/Src/stm32h7xx_hal_i2s.c:1849:6:HAL_I2S_IRQHandler	16	static
C:/Users/Aron/Documents/GitHub/Digital_guitar_effect/app/STM_AUDIO_BOARD_V2/stm_audio_board_OCTAVE_test/Drivers/STM32H7xx_HAL_Driver/Src/stm32h7xx_hal_i2s.c:2121:22:HAL_I2S_GetState	0	static
C:/Users/Aron/Documents/GitHub/Digital_guitar_effect/app/STM_AUDIO_BOARD_V2/stm_audio_board_OCTAVE_test/Drivers/STM32H7xx_HAL_Driver/Src/stm32h7xx_hal_i2s.c:2132:10:HAL_I2S_GetError	0	static
