C:/ST/workspaces/stm32Audio/ERB_PS2_test1/Drivers/STM32H7xx_HAL_Driver/Src/stm32h7xx_hal_dac.c:456:13:HAL_DAC_MspInit	0	static
C:/ST/workspaces/stm32Audio/ERB_PS2_test1/Drivers/STM32H7xx_HAL_Driver/Src/stm32h7xx_hal_dac.c:350:19:HAL_DAC_Init	8	static
C:/ST/workspaces/stm32Audio/ERB_PS2_test1/Drivers/STM32H7xx_HAL_Driver/Src/stm32h7xx_hal_dac.c:472:13:HAL_DAC_MspDeInit	0	static
C:/ST/workspaces/stm32Audio/ERB_PS2_test1/Drivers/STM32H7xx_HAL_Driver/Src/stm32h7xx_hal_dac.c:411:19:HAL_DAC_DeInit	8	static
C:/ST/workspaces/stm32Audio/ERB_PS2_test1/Drivers/STM32H7xx_HAL_Driver/Src/stm32h7xx_hal_dac.c:514:19:HAL_DAC_Start	4	static
C:/ST/workspaces/stm32Audio/ERB_PS2_test1/Drivers/STM32H7xx_HAL_Driver/Src/stm32h7xx_hal_dac.c:569:19:HAL_DAC_Stop	4	static
C:/ST/workspaces/stm32Audio/ERB_PS2_test1/Drivers/STM32H7xx_HAL_Driver/Src/stm32h7xx_hal_dac.c:601:19:HAL_DAC_Start_DMA	16	static
C:/ST/workspaces/stm32Audio/ERB_PS2_test1/Drivers/STM32H7xx_HAL_Driver/Src/stm32h7xx_hal_dac.c:733:19:HAL_DAC_Stop_DMA	8	static
C:/ST/workspaces/stm32Audio/ERB_PS2_test1/Drivers/STM32H7xx_HAL_Driver/Src/stm32h7xx_hal_dac.c:854:19:HAL_DAC_SetValue	16	static
C:/ST/workspaces/stm32Audio/ERB_PS2_test1/Drivers/STM32H7xx_HAL_Driver/Src/stm32h7xx_hal_dac.c:888:13:HAL_DAC_ConvCpltCallbackCh1	0	static
C:/ST/workspaces/stm32Audio/ERB_PS2_test1/Drivers/STM32H7xx_HAL_Driver/Src/stm32h7xx_hal_dac.c:1482:6:DAC_DMAConvCpltCh1	8	static
C:/ST/workspaces/stm32Audio/ERB_PS2_test1/Drivers/STM32H7xx_HAL_Driver/Src/stm32h7xx_hal_dac.c:904:13:HAL_DAC_ConvHalfCpltCallbackCh1	0	static
C:/ST/workspaces/stm32Audio/ERB_PS2_test1/Drivers/STM32H7xx_HAL_Driver/Src/stm32h7xx_hal_dac.c:1501:6:DAC_DMAHalfConvCpltCh1	8	static
C:/ST/workspaces/stm32Audio/ERB_PS2_test1/Drivers/STM32H7xx_HAL_Driver/Src/stm32h7xx_hal_dac.c:920:13:HAL_DAC_ErrorCallbackCh1	0	static
C:/ST/workspaces/stm32Audio/ERB_PS2_test1/Drivers/STM32H7xx_HAL_Driver/Src/stm32h7xx_hal_dac.c:1518:6:DAC_DMAErrorCh1	8	static
C:/ST/workspaces/stm32Audio/ERB_PS2_test1/Drivers/STM32H7xx_HAL_Driver/Src/stm32h7xx_hal_dac.c:936:13:HAL_DAC_DMAUnderrunCallbackCh1	0	static
C:/ST/workspaces/stm32Audio/ERB_PS2_test1/Drivers/STM32H7xx_HAL_Driver/Src/stm32h7xx_hal_dac.c:781:6:HAL_DAC_IRQHandler	8	static
C:/ST/workspaces/stm32Audio/ERB_PS2_test1/Drivers/STM32H7xx_HAL_Driver/Src/stm32h7xx_hal_dac.c:975:10:HAL_DAC_GetValue	0	static
C:/ST/workspaces/stm32Audio/ERB_PS2_test1/Drivers/STM32H7xx_HAL_Driver/Src/stm32h7xx_hal_dac.c:1007:19:HAL_DAC_ConfigChannel	24	static
C:/ST/workspaces/stm32Audio/ERB_PS2_test1/Drivers/STM32H7xx_HAL_Driver/Src/stm32h7xx_hal_dac.c:1203:22:HAL_DAC_GetState	0	static
C:/ST/workspaces/stm32Audio/ERB_PS2_test1/Drivers/STM32H7xx_HAL_Driver/Src/stm32h7xx_hal_dac.c:1216:10:HAL_DAC_GetError	0	static
