C:/ST/workspaces/stm32Audio/ERB_PS2_test1/Drivers/STM32H7xx_HAL_Driver/Src/stm32h7xx_hal_dac_ex.c:119:19:HAL_DACEx_DualStart	0	static
C:/ST/workspaces/stm32Audio/ERB_PS2_test1/Drivers/STM32H7xx_HAL_Driver/Src/stm32h7xx_hal_dac_ex.c:162:19:HAL_DACEx_DualStop	0	static
C:/ST/workspaces/stm32Audio/ERB_PS2_test1/Drivers/STM32H7xx_HAL_Driver/Src/stm32h7xx_hal_dac_ex.c:193:19:HAL_DACEx_DualStart_DMA	16	static
C:/ST/workspaces/stm32Audio/ERB_PS2_test1/Drivers/STM32H7xx_HAL_Driver/Src/stm32h7xx_hal_dac_ex.c:302:19:HAL_DACEx_DualStop_DMA	8	static
C:/ST/workspaces/stm32Audio/ERB_PS2_test1/Drivers/STM32H7xx_HAL_Driver/Src/stm32h7xx_hal_dac_ex.c:375:19:HAL_DACEx_TriangleWaveGenerate	8	static
C:/ST/workspaces/stm32Audio/ERB_PS2_test1/Drivers/STM32H7xx_HAL_Driver/Src/stm32h7xx_hal_dac_ex.c:425:19:HAL_DACEx_NoiseWaveGenerate	8	static
C:/ST/workspaces/stm32Audio/ERB_PS2_test1/Drivers/STM32H7xx_HAL_Driver/Src/stm32h7xx_hal_dac_ex.c:467:19:HAL_DACEx_DualSetValue	0	static
C:/ST/workspaces/stm32Audio/ERB_PS2_test1/Drivers/STM32H7xx_HAL_Driver/Src/stm32h7xx_hal_dac_ex.c:503:13:HAL_DACEx_ConvCpltCallbackCh2	0	static
C:/ST/workspaces/stm32Audio/ERB_PS2_test1/Drivers/STM32H7xx_HAL_Driver/Src/stm32h7xx_hal_dac_ex.c:812:6:DAC_DMAConvCpltCh2	8	static
C:/ST/workspaces/stm32Audio/ERB_PS2_test1/Drivers/STM32H7xx_HAL_Driver/Src/stm32h7xx_hal_dac_ex.c:519:13:HAL_DACEx_ConvHalfCpltCallbackCh2	0	static
C:/ST/workspaces/stm32Audio/ERB_PS2_test1/Drivers/STM32H7xx_HAL_Driver/Src/stm32h7xx_hal_dac_ex.c:831:6:DAC_DMAHalfConvCpltCh2	8	static
C:/ST/workspaces/stm32Audio/ERB_PS2_test1/Drivers/STM32H7xx_HAL_Driver/Src/stm32h7xx_hal_dac_ex.c:535:13:HAL_DACEx_ErrorCallbackCh2	0	static
C:/ST/workspaces/stm32Audio/ERB_PS2_test1/Drivers/STM32H7xx_HAL_Driver/Src/stm32h7xx_hal_dac_ex.c:848:6:DAC_DMAErrorCh2	8	static
C:/ST/workspaces/stm32Audio/ERB_PS2_test1/Drivers/STM32H7xx_HAL_Driver/Src/stm32h7xx_hal_dac_ex.c:551:13:HAL_DACEx_DMAUnderrunCallbackCh2	0	static
C:/ST/workspaces/stm32Audio/ERB_PS2_test1/Drivers/STM32H7xx_HAL_Driver/Src/stm32h7xx_hal_dac_ex.c:575:19:HAL_DACEx_SelfCalibrate	48	static
C:/ST/workspaces/stm32Audio/ERB_PS2_test1/Drivers/STM32H7xx_HAL_Driver/Src/stm32h7xx_hal_dac_ex.c:703:19:HAL_DACEx_SetUserTrimming	12	static
C:/ST/workspaces/stm32Audio/ERB_PS2_test1/Drivers/STM32H7xx_HAL_Driver/Src/stm32h7xx_hal_dac_ex.c:745:10:HAL_DACEx_GetTrimOffset	0	static
C:/ST/workspaces/stm32Audio/ERB_PS2_test1/Drivers/STM32H7xx_HAL_Driver/Src/stm32h7xx_hal_dac_ex.c:779:10:HAL_DACEx_DualGetValue	0	static
