../Core/Src/main.c:82:6:HAL_ADC_ConvHalfCpltCallback	16	static
../Core/Src/main.c:88:6:HAL_ADC_ConvCpltCallback	16	static
../Core/Src/main.c:95:6:HAL_DACEx_ConvCpltCallbackCh2	16	static
../Core/Src/main.c:99:6:HAL_DACEx_ConvHalfCpltCallbackCh2	16	static
../Core/Src/main.c:118:5:main	28816	static,ignoring_inline_asm
../Core/Src/main.c:393:6:SystemClock_Config	120	static
../Core/Src/main.c:456:13:MX_ADC2_Init	40	static
../Core/Src/main.c:515:13:MX_DAC1_Init	48	static
../Core/Src/main.c:558:13:MX_OPAMP1_Init	8	static
../Core/Src/main.c:588:13:MX_TIM5_Init	40	static
../Core/Src/main.c:633:13:MX_TIM8_Init	40	static
../Core/Src/main.c:678:13:MX_DMA_Init	16	static
../Core/Src/main.c:700:13:MX_GPIO_Init	24	static
../Core/Src/main.c:717:6:MPU_Config	24	static
../Core/Src/main.c:748:6:Error_Handler	4	static,ignoring_inline_asm
