C:/ST/workspaces/stm32Audio/ADC_DAC_FFT_TEST/Drivers/STM32H7xx_HAL_Driver/Src/stm32h7xx_hal_dac.c:350:19:HAL_DAC_Init	16	static
C:/ST/workspaces/stm32Audio/ADC_DAC_FFT_TEST/Drivers/STM32H7xx_HAL_Driver/Src/stm32h7xx_hal_dac.c:411:19:HAL_DAC_DeInit	16	static
C:/ST/workspaces/stm32Audio/ADC_DAC_FFT_TEST/Drivers/STM32H7xx_HAL_Driver/Src/stm32h7xx_hal_dac.c:456:13:HAL_DAC_MspInit	16	static
C:/ST/workspaces/stm32Audio/ADC_DAC_FFT_TEST/Drivers/STM32H7xx_HAL_Driver/Src/stm32h7xx_hal_dac.c:472:13:HAL_DAC_MspDeInit	16	static
C:/ST/workspaces/stm32Audio/ADC_DAC_FFT_TEST/Drivers/STM32H7xx_HAL_Driver/Src/stm32h7xx_hal_dac.c:514:19:HAL_DAC_Start	16	static
C:/ST/workspaces/stm32Audio/ADC_DAC_FFT_TEST/Drivers/STM32H7xx_HAL_Driver/Src/stm32h7xx_hal_dac.c:569:19:HAL_DAC_Stop	16	static
C:/ST/workspaces/stm32Audio/ADC_DAC_FFT_TEST/Drivers/STM32H7xx_HAL_Driver/Src/stm32h7xx_hal_dac.c:601:19:HAL_DAC_Start_DMA	32	static
C:/ST/workspaces/stm32Audio/ADC_DAC_FFT_TEST/Drivers/STM32H7xx_HAL_Driver/Src/stm32h7xx_hal_dac.c:733:19:HAL_DAC_Stop_DMA	16	static
C:/ST/workspaces/stm32Audio/ADC_DAC_FFT_TEST/Drivers/STM32H7xx_HAL_Driver/Src/stm32h7xx_hal_dac.c:781:6:HAL_DAC_IRQHandler	16	static
C:/ST/workspaces/stm32Audio/ADC_DAC_FFT_TEST/Drivers/STM32H7xx_HAL_Driver/Src/stm32h7xx_hal_dac.c:854:19:HAL_DAC_SetValue	32	static
C:/ST/workspaces/stm32Audio/ADC_DAC_FFT_TEST/Drivers/STM32H7xx_HAL_Driver/Src/stm32h7xx_hal_dac.c:888:13:HAL_DAC_ConvCpltCallbackCh1	16	static
C:/ST/workspaces/stm32Audio/ADC_DAC_FFT_TEST/Drivers/STM32H7xx_HAL_Driver/Src/stm32h7xx_hal_dac.c:904:13:HAL_DAC_ConvHalfCpltCallbackCh1	16	static
C:/ST/workspaces/stm32Audio/ADC_DAC_FFT_TEST/Drivers/STM32H7xx_HAL_Driver/Src/stm32h7xx_hal_dac.c:920:13:HAL_DAC_ErrorCallbackCh1	16	static
C:/ST/workspaces/stm32Audio/ADC_DAC_FFT_TEST/Drivers/STM32H7xx_HAL_Driver/Src/stm32h7xx_hal_dac.c:936:13:HAL_DAC_DMAUnderrunCallbackCh1	16	static
C:/ST/workspaces/stm32Audio/ADC_DAC_FFT_TEST/Drivers/STM32H7xx_HAL_Driver/Src/stm32h7xx_hal_dac.c:975:10:HAL_DAC_GetValue	24	static
C:/ST/workspaces/stm32Audio/ADC_DAC_FFT_TEST/Drivers/STM32H7xx_HAL_Driver/Src/stm32h7xx_hal_dac.c:1007:19:HAL_DAC_ConfigChannel	40	static
C:/ST/workspaces/stm32Audio/ADC_DAC_FFT_TEST/Drivers/STM32H7xx_HAL_Driver/Src/stm32h7xx_hal_dac.c:1203:22:HAL_DAC_GetState	16	static
C:/ST/workspaces/stm32Audio/ADC_DAC_FFT_TEST/Drivers/STM32H7xx_HAL_Driver/Src/stm32h7xx_hal_dac.c:1216:10:HAL_DAC_GetError	16	static
C:/ST/workspaces/stm32Audio/ADC_DAC_FFT_TEST/Drivers/STM32H7xx_HAL_Driver/Src/stm32h7xx_hal_dac.c:1482:6:DAC_DMAConvCpltCh1	24	static
C:/ST/workspaces/stm32Audio/ADC_DAC_FFT_TEST/Drivers/STM32H7xx_HAL_Driver/Src/stm32h7xx_hal_dac.c:1501:6:DAC_DMAHalfConvCpltCh1	24	static
C:/ST/workspaces/stm32Audio/ADC_DAC_FFT_TEST/Drivers/STM32H7xx_HAL_Driver/Src/stm32h7xx_hal_dac.c:1518:6:DAC_DMAErrorCh1	24	static
