../Core/Src/ILI9341/ILI9341_STM32_Driver.c:91:6:ILI9341_SPI_Init	8	static
../Core/Src/ILI9341/ILI9341_STM32_Driver.c:99:6:ILI9341_SPI_Send	16	static
../Core/Src/ILI9341/ILI9341_STM32_Driver.c:105:6:ILI9341_Write_Command	16	static
../Core/Src/ILI9341/ILI9341_STM32_Driver.c:114:6:ILI9341_Write_Data	16	static
../Core/Src/ILI9341/ILI9341_STM32_Driver.c:123:6:ILI9341_Set_Address	24	static
../Core/Src/ILI9341/ILI9341_STM32_Driver.c:141:6:ILI9341_Reset	8	static
../Core/Src/ILI9341/ILI9341_STM32_Driver.c:151:6:ILI9341_Set_Rotation	24	static
../Core/Src/ILI9341/ILI9341_STM32_Driver.c:188:6:ILI9341_Enable	8	static
../Core/Src/ILI9341/ILI9341_STM32_Driver.c:194:6:ILI9341_Init	8	static
../Core/Src/ILI9341/ILI9341_STM32_Driver.c:334:6:ILI9341_Draw_Colour	24	static
../Core/Src/ILI9341/ILI9341_STM32_Driver.c:346:6:ILI9341_Draw_Colour_Burst	80	dynamic
../Core/Src/ILI9341/ILI9341_STM32_Driver.c:390:6:ILI9341_Fill_Screen	16	static
../Core/Src/ILI9341/ILI9341_STM32_Driver.c:402:6:ILI9341_Draw_Pixel	32	static
../Core/Src/ILI9341/ILI9341_STM32_Driver.c:453:6:ILI9341_Draw_Rectangle	24	static
../Core/Src/ILI9341/ILI9341_STM32_Driver.c:469:6:ILI9341_Draw_Horizontal_Line	24	static
../Core/Src/ILI9341/ILI9341_STM32_Driver.c:481:6:ILI9341_Draw_Vertical_Line	24	static
