C:/Projects/git/onlab/Digital_guitar_effect/app/STM_AUDIO_BOARD_V2/stm_audio_board_OCTAVE_test/Drivers/STM32H7xx_HAL_Driver/Src/stm32h7xx_hal_i2c_ex.c:96:19:HAL_I2CEx_ConfigAnalogFilter	4	static
C:/Projects/git/onlab/Digital_guitar_effect/app/STM_AUDIO_BOARD_V2/stm_audio_board_OCTAVE_test/Drivers/STM32H7xx_HAL_Driver/Src/stm32h7xx_hal_i2c_ex.c:140:19:HAL_I2CEx_ConfigDigitalFilter	4	static
C:/Projects/git/onlab/Digital_guitar_effect/app/STM_AUDIO_BOARD_V2/stm_audio_board_OCTAVE_test/Drivers/STM32H7xx_HAL_Driver/Src/stm32h7xx_hal_i2c_ex.c:208:19:HAL_I2CEx_EnableWakeUp	4	static
C:/Projects/git/onlab/Digital_guitar_effect/app/STM_AUDIO_BOARD_V2/stm_audio_board_OCTAVE_test/Drivers/STM32H7xx_HAL_Driver/Src/stm32h7xx_hal_i2c_ex.c:247:19:HAL_I2CEx_DisableWakeUp	4	static
C:/Projects/git/onlab/Digital_guitar_effect/app/STM_AUDIO_BOARD_V2/stm_audio_board_OCTAVE_test/Drivers/STM32H7xx_HAL_Driver/Src/stm32h7xx_hal_i2c_ex.c:316:6:HAL_I2CEx_EnableFastModePlus	8	static
C:/Projects/git/onlab/Digital_guitar_effect/app/STM_AUDIO_BOARD_V2/stm_audio_board_OCTAVE_test/Drivers/STM32H7xx_HAL_Driver/Src/stm32h7xx_hal_i2c_ex.c:347:6:HAL_I2CEx_DisableFastModePlus	8	static
