C:/Users/Aron/Documents/GitHub/Digital_guitar_effect/app/STM_AUDIO_BOARD_V2/stm_audio_board_OCTAVE_test/Drivers/STM32H7xx_HAL_Driver/Src/stm32h7xx_hal_dma.c:1860:17:DMA_CalcBaseAndBitshift	12	static
C:/Users/Aron/Documents/GitHub/Digital_guitar_effect/app/STM_AUDIO_BOARD_V2/stm_audio_board_OCTAVE_test/Drivers/STM32H7xx_HAL_Driver/Src/stm32h7xx_hal_dma.c:1990:13:DMA_CalcDMAMUXChannelBaseAndMask	8	static
C:/Users/Aron/Documents/GitHub/Digital_guitar_effect/app/STM_AUDIO_BOARD_V2/stm_audio_board_OCTAVE_test/Drivers/STM32H7xx_HAL_Driver/Src/stm32h7xx_hal_dma.c:216:19:HAL_DMA_Init	48	static
C:/Users/Aron/Documents/GitHub/Digital_guitar_effect/app/STM_AUDIO_BOARD_V2/stm_audio_board_OCTAVE_test/Drivers/STM32H7xx_HAL_Driver/Src/stm32h7xx_hal_dma.c:468:19:HAL_DMA_DeInit	16	static
C:/Users/Aron/Documents/GitHub/Digital_guitar_effect/app/STM_AUDIO_BOARD_V2/stm_audio_board_OCTAVE_test/Drivers/STM32H7xx_HAL_Driver/Src/stm32h7xx_hal_dma.c:625:19:HAL_DMA_Start	24	static
C:/Users/Aron/Documents/GitHub/Digital_guitar_effect/app/STM_AUDIO_BOARD_V2/stm_audio_board_OCTAVE_test/Drivers/STM32H7xx_HAL_Driver/Src/stm32h7xx_hal_dma.c:681:19:HAL_DMA_Start_IT	32	static
C:/Users/Aron/Documents/GitHub/Digital_guitar_effect/app/STM_AUDIO_BOARD_V2/stm_audio_board_OCTAVE_test/Drivers/STM32H7xx_HAL_Driver/Src/stm32h7xx_hal_dma.c:781:19:HAL_DMA_Abort	16	static
C:/Users/Aron/Documents/GitHub/Digital_guitar_effect/app/STM_AUDIO_BOARD_V2/stm_audio_board_OCTAVE_test/Drivers/STM32H7xx_HAL_Driver/Src/stm32h7xx_hal_dma.c:897:19:HAL_DMA_Abort_IT	16	static
C:/Users/Aron/Documents/GitHub/Digital_guitar_effect/app/STM_AUDIO_BOARD_V2/stm_audio_board_OCTAVE_test/Drivers/STM32H7xx_HAL_Driver/Src/stm32h7xx_hal_dma.c:981:19:HAL_DMA_PollForTransfer	56	static
C:/Users/Aron/Documents/GitHub/Digital_guitar_effect/app/STM_AUDIO_BOARD_V2/stm_audio_board_OCTAVE_test/Drivers/STM32H7xx_HAL_Driver/Src/stm32h7xx_hal_dma.c:1208:6:HAL_DMA_IRQHandler	32	static
C:/Users/Aron/Documents/GitHub/Digital_guitar_effect/app/STM_AUDIO_BOARD_V2/stm_audio_board_OCTAVE_test/Drivers/STM32H7xx_HAL_Driver/Src/stm32h7xx_hal_dma.c:1578:19:HAL_DMA_RegisterCallback	0	static
C:/Users/Aron/Documents/GitHub/Digital_guitar_effect/app/STM_AUDIO_BOARD_V2/stm_audio_board_OCTAVE_test/Drivers/STM32H7xx_HAL_Driver/Src/stm32h7xx_hal_dma.c:1645:19:HAL_DMA_UnRegisterCallback	0	static
C:/Users/Aron/Documents/GitHub/Digital_guitar_effect/app/STM_AUDIO_BOARD_V2/stm_audio_board_OCTAVE_test/Drivers/STM32H7xx_HAL_Driver/Src/stm32h7xx_hal_dma.c:1736:22:HAL_DMA_GetState	0	static
C:/Users/Aron/Documents/GitHub/Digital_guitar_effect/app/STM_AUDIO_BOARD_V2/stm_audio_board_OCTAVE_test/Drivers/STM32H7xx_HAL_Driver/Src/stm32h7xx_hal_dma.c:1747:10:HAL_DMA_GetError	0	static
