../Core/Src/stm32h7xx_hal_msp.c:64:6:HAL_MspInit	8	static
../Core/Src/stm32h7xx_hal_msp.c:85:6:HAL_ADC_MspInit	208	static
../Core/Src/stm32h7xx_hal_msp.c:129:6:HAL_ADC_MspDeInit	8	static
../Core/Src/stm32h7xx_hal_msp.c:154:6:HAL_DAC_MspInit	40	static
../Core/Src/stm32h7xx_hal_msp.c:206:6:HAL_DAC_MspDeInit	8	static
../Core/Src/stm32h7xx_hal_msp.c:236:6:HAL_OPAMP_MspInit	40	static
../Core/Src/stm32h7xx_hal_msp.c:276:6:HAL_OPAMP_MspDeInit	8	static
../Core/Src/stm32h7xx_hal_msp.c:307:6:HAL_TIM_Base_MspInit	8	static
../Core/Src/stm32h7xx_hal_msp.c:340:6:HAL_TIM_Base_MspDeInit	0	static
