Archive member included to satisfy reference by file (symbol)

C:\Projects\git\onlab\Digital_guitar_effect\app\STM_AUDIO_BOARD_V2\stm_audio_board_OCTAVE_test\Drivers\CMSIS\Lib\GCC\libarm_cortexM7lfdp_math.a(arm_biquad_cascade_df2t_f32.o)
                              ./Core/Src/guitar_effect_octave.o (arm_biquad_cascade_df2T_f32)
C:\Projects\git\onlab\Digital_guitar_effect\app\STM_AUDIO_BOARD_V2\stm_audio_board_OCTAVE_test\Drivers\CMSIS\Lib\GCC\libarm_cortexM7lfdp_math.a(arm_sub_f32.o)
                              ./Core/Src/guitar_effect_octave.o (arm_sub_f32)
C:\Projects\git\onlab\Digital_guitar_effect\app\STM_AUDIO_BOARD_V2\stm_audio_board_OCTAVE_test\Drivers\CMSIS\Lib\GCC\libarm_cortexM7lfdp_math.a(arm_mult_f32.o)
                              ./Core/Src/guitar_effect_octave.o (arm_mult_f32)
C:\Projects\git\onlab\Digital_guitar_effect\app\STM_AUDIO_BOARD_V2\stm_audio_board_OCTAVE_test\Drivers\CMSIS\Lib\GCC\libarm_cortexM7lfdp_math.a(arm_dot_prod_f32.o)
                              ./Core/Src/guitar_effect_octave.o (arm_dot_prod_f32)
C:\Projects\git\onlab\Digital_guitar_effect\app\STM_AUDIO_BOARD_V2\stm_audio_board_OCTAVE_test\Drivers\CMSIS\Lib\GCC\libarm_cortexM7lfdp_math.a(arm_add_f32.o)
                              ./Core/Src/guitar_effect_octave.o (arm_add_f32)
C:\Projects\git\onlab\Digital_guitar_effect\app\STM_AUDIO_BOARD_V2\stm_audio_board_OCTAVE_test\Drivers\CMSIS\Lib\GCC\libarm_cortexM7lfdp_math.a(arm_abs_f32.o)
                              ./Core/Src/guitar_effect_octave.o (arm_abs_f32)
C:/ST/STM32CubeIDE_1.11.2/STM32CubeIDE/plugins/com.st.stm32cube.ide.mcu.externaltools.gnu-tools-for-stm32.11.3.rel1.win32_1.1.100.202309141235/tools/bin/../lib/gcc/arm-none-eabi/11.3.1/../../../../arm-none-eabi/lib/thumb/v7e-m+dp/hard\libc_nano.a(libc_a-exit.o)
                              C:/ST/STM32CubeIDE_1.11.2/STM32CubeIDE/plugins/com.st.stm32cube.ide.mcu.externaltools.gnu-tools-for-stm32.11.3.rel1.win32_1.1.100.202309141235/tools/bin/../lib/gcc/arm-none-eabi/11.3.1/../../../../arm-none-eabi/lib/thumb/v7e-m+dp/hard/crt0.o (exit)
C:/ST/STM32CubeIDE_1.11.2/STM32CubeIDE/plugins/com.st.stm32cube.ide.mcu.externaltools.gnu-tools-for-stm32.11.3.rel1.win32_1.1.100.202309141235/tools/bin/../lib/gcc/arm-none-eabi/11.3.1/../../../../arm-none-eabi/lib/thumb/v7e-m+dp/hard\libc_nano.a(libc_a-findfp.o)
                              C:/ST/STM32CubeIDE_1.11.2/STM32CubeIDE/plugins/com.st.stm32cube.ide.mcu.externaltools.gnu-tools-for-stm32.11.3.rel1.win32_1.1.100.202309141235/tools/bin/../lib/gcc/arm-none-eabi/11.3.1/../../../../arm-none-eabi/lib/thumb/v7e-m+dp/hard\libc_nano.a(libc_a-exit.o) (__stdio_exit_handler)
C:/ST/STM32CubeIDE_1.11.2/STM32CubeIDE/plugins/com.st.stm32cube.ide.mcu.externaltools.gnu-tools-for-stm32.11.3.rel1.win32_1.1.100.202309141235/tools/bin/../lib/gcc/arm-none-eabi/11.3.1/../../../../arm-none-eabi/lib/thumb/v7e-m+dp/hard\libc_nano.a(libc_a-fwalk.o)
                              C:/ST/STM32CubeIDE_1.11.2/STM32CubeIDE/plugins/com.st.stm32cube.ide.mcu.externaltools.gnu-tools-for-stm32.11.3.rel1.win32_1.1.100.202309141235/tools/bin/../lib/gcc/arm-none-eabi/11.3.1/../../../../arm-none-eabi/lib/thumb/v7e-m+dp/hard\libc_nano.a(libc_a-findfp.o) (_fwalk_sglue)
C:/ST/STM32CubeIDE_1.11.2/STM32CubeIDE/plugins/com.st.stm32cube.ide.mcu.externaltools.gnu-tools-for-stm32.11.3.rel1.win32_1.1.100.202309141235/tools/bin/../lib/gcc/arm-none-eabi/11.3.1/../../../../arm-none-eabi/lib/thumb/v7e-m+dp/hard\libc_nano.a(libc_a-stdio.o)
                              C:/ST/STM32CubeIDE_1.11.2/STM32CubeIDE/plugins/com.st.stm32cube.ide.mcu.externaltools.gnu-tools-for-stm32.11.3.rel1.win32_1.1.100.202309141235/tools/bin/../lib/gcc/arm-none-eabi/11.3.1/../../../../arm-none-eabi/lib/thumb/v7e-m+dp/hard\libc_nano.a(libc_a-findfp.o) (__sread)
C:/ST/STM32CubeIDE_1.11.2/STM32CubeIDE/plugins/com.st.stm32cube.ide.mcu.externaltools.gnu-tools-for-stm32.11.3.rel1.win32_1.1.100.202309141235/tools/bin/../lib/gcc/arm-none-eabi/11.3.1/../../../../arm-none-eabi/lib/thumb/v7e-m+dp/hard\libc_nano.a(libc_a-memset.o)
                              C:/ST/STM32CubeIDE_1.11.2/STM32CubeIDE/plugins/com.st.stm32cube.ide.mcu.externaltools.gnu-tools-for-stm32.11.3.rel1.win32_1.1.100.202309141235/tools/bin/../lib/gcc/arm-none-eabi/11.3.1/../../../../arm-none-eabi/lib/thumb/v7e-m+dp/hard/crt0.o (memset)
C:/ST/STM32CubeIDE_1.11.2/STM32CubeIDE/plugins/com.st.stm32cube.ide.mcu.externaltools.gnu-tools-for-stm32.11.3.rel1.win32_1.1.100.202309141235/tools/bin/../lib/gcc/arm-none-eabi/11.3.1/../../../../arm-none-eabi/lib/thumb/v7e-m+dp/hard\libc_nano.a(libc_a-closer.o)
                              C:/ST/STM32CubeIDE_1.11.2/STM32CubeIDE/plugins/com.st.stm32cube.ide.mcu.externaltools.gnu-tools-for-stm32.11.3.rel1.win32_1.1.100.202309141235/tools/bin/../lib/gcc/arm-none-eabi/11.3.1/../../../../arm-none-eabi/lib/thumb/v7e-m+dp/hard\libc_nano.a(libc_a-stdio.o) (_close_r)
[...]
Memory Configuration

Name             Origin             Length             Attributes
RAM_D1           0x0000000024000000 0x0000000000080000 xrw
FLASH            0x0000000008000000 0x0000000000080000 xr
DTCMRAM          0x0000000020000000 0x0000000000020000 xrw
RAM_D2           0x0000000030000000 0x0000000000048000 xrw
RAM_D3           0x0000000038000000 0x0000000000010000 xrw
ITCMRAM          0x0000000000000000 0x0000000000010000 xrw
*default*        0x0000000000000000 0xffffffffffffffff

Linker script and memory map

LOAD C:/ST/STM32CubeIDE_1.11.2/STM32CubeIDE/plugins/com.st.stm32cube.ide.mcu.externaltools.gnu-tools-for-stm32.11.3.rel1.win32_1.1.100.202309141235/tools/bin/../lib/gcc/arm-none-eabi/11.3.1/thumb/v7e-m+dp/hard/crti.o
LOAD C:/ST/STM32CubeIDE_1.11.2/STM32CubeIDE/plugins/com.st.stm32cube.ide.mcu.externaltools.gnu-tools-for-stm32.11.3.rel1.win32_1.1.100.202309141235/tools/bin/../lib/gcc/arm-none-eabi/11.3.1/thumb/v7e-m+dp/hard/crtbegin.o
LOAD C:/ST/STM32CubeIDE_1.11.2/STM32CubeIDE/plugins/com.st.stm32cube.ide.mcu.externaltools.gnu-tools-for-stm32.11.3.rel1.win32_1.1.100.202309141235/tools/bin/../lib/gcc/arm-none-eabi/11.3.1/../../../../arm-none-eabi/lib/thumb/v7e-m+dp/hard/crt0.o
LOAD ./Common/Src/system_stm32h7xx_dualcore_boot_cm4_cm7.o
LOAD ./Core/Src/AD1939_driver.o
LOAD ./Core/Src/guitar_effect_delay.o
LOAD ./Core/Src/guitar_effect_octave.o
LOAD ./Core/Src/main.o
LOAD ./Core/Src/stm32h7xx_hal_msp.o
LOAD ./Core/Src/stm32h7xx_it.o
LOAD ./Core/Src/syscalls.o
LOAD ./Core/Src/sysmem.o
LOAD ./Core/Startup/startup_stm32h747igtx.o
LOAD ./Drivers/STM32H7xx_HAL_Driver/stm32h7xx_hal.o
LOAD ./Drivers/STM32H7xx_HAL_Driver/stm32h7xx_hal_cortex.o
LOAD ./Drivers/STM32H7xx_HAL_Driver/stm32h7xx_hal_dma.o
LOAD ./Drivers/STM32H7xx_HAL_Driver/stm32h7xx_hal_dma_ex.o
LOAD ./Drivers/STM32H7xx_HAL_Driver/stm32h7xx_hal_exti.o
LOAD ./Drivers/STM32H7xx_HAL_Driver/stm32h7xx_hal_flash.o
LOAD ./Drivers/STM32H7xx_HAL_Driver/stm32h7xx_hal_flash_ex.o
LOAD ./Drivers/STM32H7xx_HAL_Driver/stm32h7xx_hal_gpio.o
LOAD ./Drivers/STM32H7xx_HAL_Driver/stm32h7xx_hal_hsem.o
LOAD ./Drivers/STM32H7xx_HAL_Driver/stm32h7xx_hal_i2c.o
LOAD ./Drivers/STM32H7xx_HAL_Driver/stm32h7xx_hal_i2c_ex.o
LOAD ./Drivers/STM32H7xx_HAL_Driver/stm32h7xx_hal_i2s.o
LOAD ./Drivers/STM32H7xx_HAL_Driver/stm32h7xx_hal_i2s_ex.o
LOAD ./Drivers/STM32H7xx_HAL_Driver/stm32h7xx_hal_mdma.o
LOAD ./Drivers/STM32H7xx_HAL_Driver/stm32h7xx_hal_pwr.o
LOAD ./Drivers/STM32H7xx_HAL_Driver/stm32h7xx_hal_pwr_ex.o
LOAD ./Drivers/STM32H7xx_HAL_Driver/stm32h7xx_hal_rcc.o
LOAD ./Drivers/STM32H7xx_HAL_Driver/stm32h7xx_hal_rcc_ex.o
LOAD ./Drivers/STM32H7xx_HAL_Driver/stm32h7xx_hal_spi.o
LOAD ./Drivers/STM32H7xx_HAL_Driver/stm32h7xx_hal_spi_ex.o
LOAD ./Drivers/STM32H7xx_HAL_Driver/stm32h7xx_hal_tim.o
LOAD ./Drivers/STM32H7xx_HAL_Driver/stm32h7xx_hal_tim_ex.o
LOAD C:\Projects\git\onlab\Digital_guitar_effect\app\STM_AUDIO_BOARD_V2\stm_audio_board_OCTAVE_test\Drivers\CMSIS\Lib\GCC\libarm_cortexM7lfdp_math.a
START GROUP
LOAD C:/ST/STM32CubeIDE_1.11.2/STM32CubeIDE/plugins/com.st.stm32cube.ide.mcu.externaltools.gnu-tools-for-stm32.11.3.rel1.win32_1.1.100.202309141235/tools/bin/../lib/gcc/arm-none-eabi/11.3.1/../../../../arm-none-eabi/lib/thumb/v7e-m+dp/hard\libc_nano.a
LOAD C:/ST/STM32CubeIDE_1.11.2/STM32CubeIDE/plugins/com.st.stm32cube.ide.mcu.externaltools.gnu-tools-for-stm32.11.3.rel1.win32_1.1.100.202309141235/tools/bin/../lib/gcc/arm-none-eabi/11.3.1/../../../../arm-none-eabi/lib/thumb/v7e-m+dp/hard\libm.a
END GROUP
START GROUP
LOAD C:/ST/STM32CubeIDE_1.11.2/STM32CubeIDE/plugins/com.st.stm32cube.ide.mcu.externaltools.gnu-tools-for-stm32.11.3.rel1.win32_1.1.100.202309141235/tools/bin/../lib/gcc/arm-none-eabi/11.3.1/thumb/v7e-m+dp/hard\libgcc.a
LOAD C:/ST/STM32CubeIDE_1.11.2/STM32CubeIDE/plugins/com.st.stm32cube.ide.mcu.externaltools.gnu-tools-for-stm32.11.3.rel1.win32_1.1.100.202309141235/tools/bin/../lib/gcc/arm-none-eabi/11.3.1/../../../../arm-none-eabi/lib/thumb/v7e-m+dp/hard\libc_nano.a
END GROUP
START GROUP
LOAD C:/ST/STM32CubeIDE_1.11.2/STM32CubeIDE/plugins/com.st.stm32cube.ide.mcu.externaltools.gnu-tools-for-stm32.11.3.rel1.win32_1.1.100.202309141235/tools/bin/../lib/gcc/arm-none-eabi/11.3.1/thumb/v7e-m+dp/hard\libgcc.a
LOAD C:/ST/STM32CubeIDE_1.11.2/STM32CubeIDE/plugins/com.st.stm32cube.ide.mcu.externaltools.gnu-tools-for-stm32.11.3.rel1.win32_1.1.100.202309141235/tools/bin/../lib/gcc/arm-none-eabi/11.3.1/../../../../arm-none-eabi/lib/thumb/v7e-m+dp/hard\libc_nano.a
LOAD C:/ST/STM32CubeIDE_1.11.2/STM32CubeIDE/plugins/com.st.stm32cube.ide.mcu.externaltools.gnu-tools-for-stm32.11.3.rel1.win32_1.1.100.202309141235/tools/bin/../lib/gcc/arm-none-eabi/11.3.1/../../../../arm-none-eabi/lib/thumb/v7e-m+dp/hard\libnosys.a
END GROUP
START GROUP
LOAD C:/ST/STM32CubeIDE_1.11.2/STM32CubeIDE/plugins/com.st.stm32cube.ide.mcu.externaltools.gnu-tools-for-stm32.11.3.rel1.win32_1.1.100.202309141235/tools/bin/../lib/gcc/arm-none-eabi/11.3.1/thumb/v7e-m+dp/hard\libgcc.a
LOAD C:/ST/STM32CubeIDE_1.11.2/STM32CubeIDE/plugins/com.st.stm32cube.ide.mcu.externaltools.gnu-tools-for-stm32.11.3.rel1.win32_1.1.100.202309141235/tools/bin/../lib/gcc/arm-none-eabi/11.3.1/../../../../arm-none-eabi/lib/thumb/v7e-m+dp/hard\libc_nano.a
LOAD C:/ST/STM32CubeIDE_1.11.2/STM32CubeIDE/plugins/com.st.stm32cube.ide.mcu.externaltools.gnu-tools-for-stm32.11.3.rel1.win32_1.1.100.202309141235/tools/bin/../lib/gcc/arm-none-eabi/11.3.1/../../../../arm-none-eabi/lib/thumb/v7e-m+dp/hard\libnosys.a
END GROUP
LOAD C:/ST/STM32CubeIDE_1.11.2/STM32CubeIDE/plugins/com.st.stm32cube.ide.mcu.externaltools.gnu-tools-for-stm32.11.3.rel1.win32_1.1.100.202309141235/tools/bin/../lib/gcc/arm-none-eabi/11.3.1/thumb/v7e-m+dp/hard/crtend.o
LOAD C:/ST/STM32CubeIDE_1.11.2/STM32CubeIDE/plugins/com.st.stm32cube.ide.mcu.externaltools.gnu-tools-for-stm32.11.3.rel1.win32_1.1.100.202309141235/tools/bin/../lib/gcc/arm-none-eabi/11.3.1/thumb/v7e-m+dp/hard/crtn.o
                0x0000000024080000                _estack = (ORIGIN (RAM_D1) + LENGTH (RAM_D1))
                0x0000000000000200                _Min_Heap_Size = 0x200
                0x0000000000000400                _Min_Stack_Size = 0x400

.isr_vector     0x0000000008000000      0x298
                0x0000000008000000                . = ALIGN (0x4)
 *(.isr_vector)
 .isr_vector    0x0000000008000000      0x298 ./Core/Startup/startup_stm32h747igtx.o
                0x0000000008000000                g_pfnVectors
                0x0000000008000298                . = ALIGN (0x4)

.text           0x0000000008000298     0x6588
                0x0000000008000298                . = ALIGN (0x4)
 *(.text)
 .text          0x0000000008000298       0x40 C:/ST/STM32CubeIDE_1.11.2/STM32CubeIDE/plugins/com.st.stm32cube.ide.mcu.externaltools.gnu-tools-for-stm32.11.3.rel1.win32_1.1.100.202309141235/tools/bin/../lib/gcc/arm-none-eabi/11.3.1/thumb/v7e-m+dp/hard/crtbegin.o
 *(.text*)
 .text.SystemInit
                0x00000000080002d8       0xe4 ./Common/Src/system_stm32h7xx_dualcore_boot_cm4_cm7.o
                0x00000000080002d8                SystemInit
 .text.ad1939_init
                0x00000000080003bc      0x2fc ./Core/Src/AD1939_driver.o
                0x00000000080003bc                ad1939_init
 .text.callback
                0x00000000080006b8      0x120 ./Core/Src/guitar_effect_delay.o
 .text.init_guitar_effect_delay
                0x00000000080007d8       0x5c ./Core/Src/guitar_effect_delay.o
                0x00000000080007d8                init_guitar_effect_delay
 .text.set_volumes
                0x0000000008000834       0x2c ./Core/Src/guitar_effect_octave.o
 .text.algorithm_octave_1_up
                0x0000000008000860        0x4 ./Core/Src/guitar_effect_octave.o
 .text.algorithm_octave_1_down
                0x0000000008000864        0x4 ./Core/Src/guitar_effect_octave.o
 .text.subbandfilter_octave2_calculation
                0x0000000008000868      0x108 ./Core/Src/guitar_effect_octave.o
                0x0000000008000868                subbandfilter_octave2_calculation
 .text.callback_octave_effect
                0x0000000008000970      0x1c8 ./Core/Src/guitar_effect_octave.o
 .text.init_guitar_effect_octave
                0x0000000008000b38       0x30 ./Core/Src/guitar_effect_octave.o
                0x0000000008000b38                init_guitar_effect_octave
 .text.HAL_I2S_RxHalfCpltCallback
                0x0000000008000b68       0x54 ./Core/Src/main.o
                0x0000000008000b68                HAL_I2S_RxHalfCpltCallback
 .text.HAL_I2S_RxCpltCallback
                0x0000000008000bbc       0x54 ./Core/Src/main.o
                0x0000000008000bbc                HAL_I2S_RxCpltCallback
 .text.HAL_I2S_TxHalfCpltCallback
                0x0000000008000c10       0x3c ./Core/Src/main.o
                0x0000000008000c10                HAL_I2S_TxHalfCpltCallback
 .text.HAL_I2S_TxCpltCallback
                0x0000000008000c4c       0x3c ./Core/Src/main.o
                0x0000000008000c4c                HAL_I2S_TxCpltCallback
 .text.SystemClock_Config
                0x0000000008000c88      0x10c ./Core/Src/main.o
                0x0000000008000c88                SystemClock_Config
 .text.startup.main
                0x0000000008000d94      0x3b8 ./Core/Src/main.o
                0x0000000008000d94                main
 .text.Error_Handler
                0x000000000800114c        0x4 ./Core/Src/main.o
                0x000000000800114c                Error_Handler
 .text.HAL_MspInit
                0x0000000008001150       0x24 ./Core/Src/stm32h7xx_hal_msp.o
                0x0000000008001150                HAL_MspInit
 .text.HAL_I2S_MspInit
                0x0000000008001174      0x220 ./Core/Src/stm32h7xx_hal_msp.o
                0x0000000008001174                HAL_I2S_MspInit
 .text.HAL_SPI_MspInit
                0x0000000008001394       0xf0 ./Core/Src/stm32h7xx_hal_msp.o
                0x0000000008001394                HAL_SPI_MspInit
 .text.NMI_Handler
                0x0000000008001484        0x4 ./Core/Src/stm32h7xx_it.o
                0x0000000008001484                NMI_Handler
 .text.HardFault_Handler
                0x0000000008001488        0x4 ./Core/Src/stm32h7xx_it.o
                0x0000000008001488                HardFault_Handler
 .text.MemManage_Handler
                0x000000000800148c        0x4 ./Core/Src/stm32h7xx_it.o
                0x000000000800148c                MemManage_Handler
 .text.BusFault_Handler
                0x0000000008001490        0x4 ./Core/Src/stm32h7xx_it.o
                0x0000000008001490                BusFault_Handler
 .text.UsageFault_Handler
                0x0000000008001494        0x4 ./Core/Src/stm32h7xx_it.o
                0x0000000008001494                UsageFault_Handler
 .text.SVC_Handler
                0x0000000008001498        0x4 ./Core/Src/stm32h7xx_it.o
                0x0000000008001498                SVC_Handler
 .text.DebugMon_Handler
                0x000000000800149c        0x4 ./Core/Src/stm32h7xx_it.o
                0x000000000800149c                DebugMon_Handler
 .text.PendSV_Handler
                0x00000000080014a0        0x4 ./Core/Src/stm32h7xx_it.o
                0x00000000080014a0                PendSV_Handler
 .text.SysTick_Handler
                0x00000000080014a4        0x4 ./Core/Src/stm32h7xx_it.o
                0x00000000080014a4                SysTick_Handler
 .text.DMA1_Stream0_IRQHandler
                0x00000000080014a8        0xc ./Core/Src/stm32h7xx_it.o
                0x00000000080014a8                DMA1_Stream0_IRQHandler
 .text.DMA2_Stream1_IRQHandler
                0x00000000080014b4        0xc ./Core/Src/stm32h7xx_it.o
                0x00000000080014b4                DMA2_Stream1_IRQHandler
 .text.Reset_Handler
                0x00000000080014c0       0x50 ./Core/Startup/startup_stm32h747igtx.o
                0x00000000080014c0                Reset_Handler
 .text.Default_Handler
                0x0000000008001510        0x2 ./Core/Startup/startup_stm32h747igtx.o
                0x0000000008001510                RTC_Alarm_IRQHandler
                0x0000000008001510                EXTI2_IRQHandler
                0x0000000008001510                TIM8_CC_IRQHandler
                0x0000000008001510                HRTIM1_Master_IRQHandler
                0x0000000008001510                UART8_IRQHandler
                0x0000000008001510                SPI4_IRQHandler
                0x0000000008001510                TIM1_CC_IRQHandler
                0x0000000008001510                BDMA_Channel6_IRQHandler
                0x0000000008001510                DMA2_Stream5_IRQHandler
                0x0000000008001510                HRTIM1_FLT_IRQHandler
                0x0000000008001510                JPEG_IRQHandler
                0x0000000008001510                DMA1_Stream5_IRQHandler
                0x0000000008001510                BDMA_Channel1_IRQHandler
                0x0000000008001510                HRTIM1_TIMD_IRQHandler
                0x0000000008001510                TAMP_STAMP_IRQHandler
                0x0000000008001510                EXTI3_IRQHandler
                0x0000000008001510                LPTIM4_IRQHandler
                0x0000000008001510                TIM8_TRG_COM_TIM14_IRQHandler
                0x0000000008001510                LPTIM2_IRQHandler
                0x0000000008001510                DFSDM1_FLT1_IRQHandler
                0x0000000008001510                DMAMUX2_OVR_IRQHandler
                0x0000000008001510                TIM8_UP_TIM13_IRQHandler
                0x0000000008001510                I2C3_ER_IRQHandler
                0x0000000008001510                DFSDM1_FLT2_IRQHandler
                0x0000000008001510                MDMA_IRQHandler
                0x0000000008001510                LPTIM3_IRQHandler
                0x0000000008001510                HSEM1_IRQHandler
                0x0000000008001510                EXTI0_IRQHandler
                0x0000000008001510                I2C2_EV_IRQHandler
                0x0000000008001510                DMA1_Stream2_IRQHandler
                0x0000000008001510                FPU_IRQHandler
                0x0000000008001510                OTG_HS_WKUP_IRQHandler
                0x0000000008001510                FDCAN1_IT1_IRQHandler
                0x0000000008001510                LTDC_ER_IRQHandler
                0x0000000008001510                DMA2_Stream2_IRQHandler
                0x0000000008001510                HRTIM1_TIME_IRQHandler
                0x0000000008001510                SPI1_IRQHandler
                0x0000000008001510                TIM6_DAC_IRQHandler
                0x0000000008001510                DCMI_IRQHandler
                0x0000000008001510                HRTIM1_TIMC_IRQHandler
                0x0000000008001510                DMA2_Stream3_IRQHandler
                0x0000000008001510                SAI2_IRQHandler
                0x0000000008001510                DFSDM1_FLT3_IRQHandler
                0x0000000008001510                USART6_IRQHandler
                0x0000000008001510                TIM17_IRQHandler
                0x0000000008001510                USART3_IRQHandler
                0x0000000008001510                BDMA_Channel7_IRQHandler
                0x0000000008001510                LPTIM5_IRQHandler
                0x0000000008001510                UART5_IRQHandler
                0x0000000008001510                ADC3_IRQHandler
                0x0000000008001510                DMA2_Stream0_IRQHandler
                0x0000000008001510                TIM4_IRQHandler
                0x0000000008001510                BDMA_Channel2_IRQHandler
                0x0000000008001510                QUADSPI_IRQHandler
                0x0000000008001510                I2C1_EV_IRQHandler
                0x0000000008001510                DMA1_Stream6_IRQHandler
                0x0000000008001510                DMAMUX1_OVR_IRQHandler
                0x0000000008001510                DMA1_Stream1_IRQHandler
                0x0000000008001510                TIM16_IRQHandler
                0x0000000008001510                UART4_IRQHandler
                0x0000000008001510                BDMA_Channel5_IRQHandler
                0x0000000008001510                TIM3_IRQHandler
                0x0000000008001510                RCC_IRQHandler
                0x0000000008001510                TIM8_BRK_TIM12_IRQHandler
                0x0000000008001510                TIM1_TRG_COM_IRQHandler
                0x0000000008001510                Default_Handler
                0x0000000008001510                ECC_IRQHandler
                0x0000000008001510                CEC_IRQHandler
                0x0000000008001510                EXTI15_10_IRQHandler
                0x0000000008001510                BDMA_Channel0_IRQHandler
                0x0000000008001510                ADC_IRQHandler
                0x0000000008001510                DMA1_Stream7_IRQHandler
                0x0000000008001510                HRTIM1_TIMA_IRQHandler
                0x0000000008001510                SPI5_IRQHandler
                0x0000000008001510                TIM7_IRQHandler
                0x0000000008001510                SDMMC1_IRQHandler
                0x0000000008001510                TIM5_IRQHandler
                0x0000000008001510                DMA2_Stream7_IRQHandler
                0x0000000008001510                TIM15_IRQHandler
                0x0000000008001510                PVD_AVD_IRQHandler
                0x0000000008001510                I2C3_EV_IRQHandler
                0x0000000008001510                EXTI9_5_IRQHandler
                0x0000000008001510                RTC_WKUP_IRQHandler
                0x0000000008001510                LTDC_IRQHandler
                0x0000000008001510                SAI3_IRQHandler
                0x0000000008001510                ETH_WKUP_IRQHandler
                0x0000000008001510                SPDIF_RX_IRQHandler
                0x0000000008001510                SPI2_IRQHandler
                0x0000000008001510                OTG_HS_EP1_IN_IRQHandler
                0x0000000008001510                CRS_IRQHandler
                0x0000000008001510                CM7_SEV_IRQHandler
                0x0000000008001510                EXTI4_IRQHandler
                0x0000000008001510                RNG_IRQHandler
                0x0000000008001510                CM4_SEV_IRQHandler
                0x0000000008001510                HRTIM1_TIMB_IRQHandler
                0x0000000008001510                FDCAN2_IT1_IRQHandler
                0x0000000008001510                DSI_IRQHandler
                0x0000000008001510                ETH_IRQHandler
                0x0000000008001510                TIM1_UP_IRQHandler
                0x0000000008001510                WWDG_RST_IRQHandler
                0x0000000008001510                BDMA_Channel4_IRQHandler
                0x0000000008001510                OTG_HS_EP1_OUT_IRQHandler
                0x0000000008001510                WWDG_IRQHandler
                0x0000000008001510                SPI6_IRQHandler
                0x0000000008001510                MDIOS_IRQHandler
                0x0000000008001510                I2C4_EV_IRQHandler
                0x0000000008001510                FDCAN2_IT0_IRQHandler
                0x0000000008001510                LPUART1_IRQHandler
                0x0000000008001510                FDCAN1_IT0_IRQHandler
                0x0000000008001510                TIM2_IRQHandler
                0x0000000008001510                OTG_FS_WKUP_IRQHandler
                0x0000000008001510                OTG_HS_IRQHandler
                0x0000000008001510                HSEM2_IRQHandler
                0x0000000008001510                DMA2D_IRQHandler
                0x0000000008001510                TIM1_BRK_IRQHandler
                0x0000000008001510                EXTI1_IRQHandler
                0x0000000008001510                SDMMC2_IRQHandler
                0x0000000008001510                OTG_FS_EP1_OUT_IRQHandler
                0x0000000008001510                BDMA_Channel3_IRQHandler
                0x0000000008001510                HOLD_CORE_IRQHandler
                0x0000000008001510                UART7_IRQHandler
                0x0000000008001510                MDIOS_WKUP_IRQHandler
                0x0000000008001510                USART2_IRQHandler
                0x0000000008001510                DFSDM1_FLT0_IRQHandler
                0x0000000008001510                SAI4_IRQHandler
                0x0000000008001510                I2C2_ER_IRQHandler
                0x0000000008001510                FLASH_IRQHandler
                0x0000000008001510                DMA2_Stream4_IRQHandler
                0x0000000008001510                USART1_IRQHandler
                0x0000000008001510                OTG_FS_IRQHandler
                0x0000000008001510                SPI3_IRQHandler
                0x0000000008001510                WAKEUP_PIN_IRQHandler
                0x0000000008001510                DMA1_Stream4_IRQHandler
                0x0000000008001510                OTG_FS_EP1_IN_IRQHandler
                0x0000000008001510                I2C1_ER_IRQHandler
                0x0000000008001510                FMC_IRQHandler
                0x0000000008001510                FDCAN_CAL_IRQHandler
                0x0000000008001510                SWPMI1_IRQHandler
                0x0000000008001510                COMP1_IRQHandler
                0x0000000008001510                LPTIM1_IRQHandler
                0x0000000008001510                I2C4_ER_IRQHandler
                0x0000000008001510                DMA2_Stream6_IRQHandler
                0x0000000008001510                SAI1_IRQHandler
                0x0000000008001510                DMA1_Stream3_IRQHandler
 *fill*         0x0000000008001512        0x2 
 .text.HAL_InitTick
                0x0000000008001514       0x4c ./Drivers/STM32H7xx_HAL_Driver/stm32h7xx_hal.o
                0x0000000008001514                HAL_InitTick
 .text.HAL_Init
                0x0000000008001560       0x60 ./Drivers/STM32H7xx_HAL_Driver/stm32h7xx_hal.o
                0x0000000008001560                HAL_Init
 .text.HAL_IncTick
                0x00000000080015c0       0x18 ./Drivers/STM32H7xx_HAL_Driver/stm32h7xx_hal.o
                0x00000000080015c0                HAL_IncTick
 .text.HAL_GetTick
                0x00000000080015d8        0xc ./Drivers/STM32H7xx_HAL_Driver/stm32h7xx_hal.o
                0x00000000080015d8                HAL_GetTick
 .text.HAL_Delay
                0x00000000080015e4       0x24 ./Drivers/STM32H7xx_HAL_Driver/stm32h7xx_hal.o
                0x00000000080015e4                HAL_Delay
 .text.HAL_GetREVID
                0x0000000008001608        0xc ./Drivers/STM32H7xx_HAL_Driver/stm32h7xx_hal.o
                0x0000000008001608                HAL_GetREVID
 .text.HAL_NVIC_SetPriorityGrouping
                0x0000000008001614       0x24 ./Drivers/STM32H7xx_HAL_Driver/stm32h7xx_hal_cortex.o
                0x0000000008001614                HAL_NVIC_SetPriorityGrouping
 .text.HAL_NVIC_SetPriority
                0x0000000008001638       0x7c ./Drivers/STM32H7xx_HAL_Driver/stm32h7xx_hal_cortex.o
                0x0000000008001638                HAL_NVIC_SetPriority
 .text.HAL_NVIC_EnableIRQ
                0x00000000080016b4       0x1c ./Drivers/STM32H7xx_HAL_Driver/stm32h7xx_hal_cortex.o
                0x00000000080016b4                HAL_NVIC_EnableIRQ
 .text.HAL_SYSTICK_Config
                0x00000000080016d0       0x2c ./Drivers/STM32H7xx_HAL_Driver/stm32h7xx_hal_cortex.o
                0x00000000080016d0                HAL_SYSTICK_Config
 .text.DMA_CalcBaseAndBitshift
                0x00000000080016fc       0xf4 ./Drivers/STM32H7xx_HAL_Driver/stm32h7xx_hal_dma.o
 .text.DMA_CalcDMAMUXChannelBaseAndMask
                0x00000000080017f0       0xd0 ./Drivers/STM32H7xx_HAL_Driver/stm32h7xx_hal_dma.o
 .text.HAL_DMA_Init
                0x00000000080018c0      0x53c ./Drivers/STM32H7xx_HAL_Driver/stm32h7xx_hal_dma.o
                0x00000000080018c0                HAL_DMA_Init
 .text.HAL_DMA_Start_IT
                0x0000000008001dfc      0x330 ./Drivers/STM32H7xx_HAL_Driver/stm32h7xx_hal_dma.o
                0x0000000008001dfc                HAL_DMA_Start_IT
 .text.HAL_DMA_IRQHandler
                0x000000000800212c      0x69c ./Drivers/STM32H7xx_HAL_Driver/stm32h7xx_hal_dma.o
                0x000000000800212c                HAL_DMA_IRQHandler
 .text.HAL_GPIO_Init
                0x00000000080027c8      0x264 ./Drivers/STM32H7xx_HAL_Driver/stm32h7xx_hal_gpio.o
                0x00000000080027c8                HAL_GPIO_Init
 .text.HAL_GPIO_WritePin
                0x0000000008002a2c        0x8 ./Drivers/STM32H7xx_HAL_Driver/stm32h7xx_hal_gpio.o
                0x0000000008002a2c                HAL_GPIO_WritePin
 .text.I2S_DMATxCplt
                0x0000000008002a34       0x20 ./Drivers/STM32H7xx_HAL_Driver/stm32h7xx_hal_i2s.o
 .text.I2S_DMATxHalfCplt
                0x0000000008002a54        0x8 ./Drivers/STM32H7xx_HAL_Driver/stm32h7xx_hal_i2s.o
 .text.I2S_DMARxCplt
                0x0000000008002a5c       0x20 ./Drivers/STM32H7xx_HAL_Driver/stm32h7xx_hal_i2s.o
 .text.I2S_DMARxHalfCplt
                0x0000000008002a7c        0x8 ./Drivers/STM32H7xx_HAL_Driver/stm32h7xx_hal_i2s.o
 .text.I2S_DMAError
                0x0000000008002a84       0x28 ./Drivers/STM32H7xx_HAL_Driver/stm32h7xx_hal_i2s.o
 .text.HAL_I2S_ErrorCallback
                0x0000000008002aac        0x4 ./Drivers/STM32H7xx_HAL_Driver/stm32h7xx_hal_i2s.o
                0x0000000008002aac                HAL_I2S_ErrorCallback
 .text.HAL_I2SEx_TxRxHalfCpltCallback
                0x0000000008002ab0        0x4 ./Drivers/STM32H7xx_HAL_Driver/stm32h7xx_hal_i2s.o
                0x0000000008002ab0                HAL_I2SEx_TxRxHalfCpltCallback
 .text.HAL_I2SEx_TxRxCpltCallback
                0x0000000008002ab4        0x4 ./Drivers/STM32H7xx_HAL_Driver/stm32h7xx_hal_i2s.o
                0x0000000008002ab4                HAL_I2SEx_TxRxCpltCallback
 .text.HAL_I2S_Init
                0x0000000008002ab8      0x1d0 ./Drivers/STM32H7xx_HAL_Driver/stm32h7xx_hal_i2s.o
                0x0000000008002ab8                HAL_I2S_Init
 .text.HAL_I2S_Transmit_DMA
                0x0000000008002c88       0xb4 ./Drivers/STM32H7xx_HAL_Driver/stm32h7xx_hal_i2s.o
                0x0000000008002c88                HAL_I2S_Transmit_DMA
 .text.HAL_I2S_Receive_DMA
                0x0000000008002d3c       0xb8 ./Drivers/STM32H7xx_HAL_Driver/stm32h7xx_hal_i2s.o
                0x0000000008002d3c                HAL_I2S_Receive_DMA
 .text.HAL_PWREx_ConfigSupply
                0x0000000008002df4       0x78 ./Drivers/STM32H7xx_HAL_Driver/stm32h7xx_hal_pwr_ex.o
                0x0000000008002df4                HAL_PWREx_ConfigSupply
 .text.HAL_RCC_GetSysClockFreq.part.0
                0x0000000008002e6c      0x10c ./Drivers/STM32H7xx_HAL_Driver/stm32h7xx_hal_rcc.o
 .text.HAL_RCC_OscConfig
                0x0000000008002f78      0x5e8 ./Drivers/STM32H7xx_HAL_Driver/stm32h7xx_hal_rcc.o
                0x0000000008002f78                HAL_RCC_OscConfig
 .text.HAL_RCC_GetSysClockFreq
                0x0000000008003560      0x144 ./Drivers/STM32H7xx_HAL_Driver/stm32h7xx_hal_rcc.o
                0x0000000008003560                HAL_RCC_GetSysClockFreq
 .text.HAL_RCC_ClockConfig
                0x00000000080036a4      0x250 ./Drivers/STM32H7xx_HAL_Driver/stm32h7xx_hal_rcc.o
                0x00000000080036a4                HAL_RCC_ClockConfig
 .text.HAL_RCC_GetHCLKFreq
                0x00000000080038f4       0x80 ./Drivers/STM32H7xx_HAL_Driver/stm32h7xx_hal_rcc.o
                0x00000000080038f4                HAL_RCC_GetHCLKFreq
 .text.HAL_RCC_GetPCLK1Freq
                0x0000000008003974       0x90 ./Drivers/STM32H7xx_HAL_Driver/stm32h7xx_hal_rcc.o
                0x0000000008003974                HAL_RCC_GetPCLK1Freq
 .text.RCCEx_PLL2_Config
                0x0000000008003a04       0xf4 ./Drivers/STM32H7xx_HAL_Driver/stm32h7xx_hal_rcc_ex.o
 .text.RCCEx_PLL3_Config
                0x0000000008003af8       0xf4 ./Drivers/STM32H7xx_HAL_Driver/stm32h7xx_hal_rcc_ex.o
 .text.HAL_RCCEx_PeriphCLKConfig
                0x0000000008003bec      0xc48 ./Drivers/STM32H7xx_HAL_Driver/stm32h7xx_hal_rcc_ex.o
                0x0000000008003bec                HAL_RCCEx_PeriphCLKConfig
 .text.HAL_RCCEx_GetPLL2ClockFreq
                0x0000000008004834      0x15c ./Drivers/STM32H7xx_HAL_Driver/stm32h7xx_hal_rcc_ex.o
                0x0000000008004834                HAL_RCCEx_GetPLL2ClockFreq
 .text.HAL_RCCEx_GetPLL3ClockFreq
                0x0000000008004990      0x15c ./Drivers/STM32H7xx_HAL_Driver/stm32h7xx_hal_rcc_ex.o
                0x0000000008004990                HAL_RCCEx_GetPLL3ClockFreq
 .text.HAL_RCCEx_GetPLL1ClockFreq
                0x0000000008004aec      0x160 ./Drivers/STM32H7xx_HAL_Driver/stm32h7xx_hal_rcc_ex.o
                0x0000000008004aec                HAL_RCCEx_GetPLL1ClockFreq
 .text.HAL_RCCEx_GetPeriphCLKFreq
                0x0000000008004c4c      0x390 ./Drivers/STM32H7xx_HAL_Driver/stm32h7xx_hal_rcc_ex.o
                0x0000000008004c4c                HAL_RCCEx_GetPeriphCLKFreq
 .text.SPI_CloseTransfer
                0x0000000008004fdc       0xb8 ./Drivers/STM32H7xx_HAL_Driver/stm32h7xx_hal_spi.o
 .text.HAL_SPI_Init
                0x0000000008005094      0x1a8 ./Drivers/STM32H7xx_HAL_Driver/stm32h7xx_hal_spi.o
                0x0000000008005094                HAL_SPI_Init
 .text.HAL_SPI_TransmitReceive
                0x000000000800523c      0x2a8 ./Drivers/STM32H7xx_HAL_Driver/stm32h7xx_hal_spi.o
                0x000000000800523c                HAL_SPI_TransmitReceive
 .text.arm_biquad_cascade_df2T_f32
                0x00000000080054e4      0x376 C:\Projects\git\onlab\Digital_guitar_effect\app\STM_AUDIO_BOARD_V2\stm_audio_board_OCTAVE_test\Drivers\CMSIS\Lib\GCC\libarm_cortexM7lfdp_math.a(arm_biquad_cascade_df2t_f32.o)
                0x00000000080054e4                arm_biquad_cascade_df2T_f32
 *fill*         0x000000000800585a        0x2 
 .text.arm_sub_f32
                0x000000000800585c       0xb4 C:\Projects\git\onlab\Digital_guitar_effect\app\STM_AUDIO_BOARD_V2\stm_audio_board_OCTAVE_test\Drivers\CMSIS\Lib\GCC\libarm_cortexM7lfdp_math.a(arm_sub_f32.o)
                0x000000000800585c                arm_sub_f32
 .text.arm_mult_f32
                0x0000000008005910       0xb4 C:\Projects\git\onlab\Digital_guitar_effect\app\STM_AUDIO_BOARD_V2\stm_audio_board_OCTAVE_test\Drivers\CMSIS\Lib\GCC\libarm_cortexM7lfdp_math.a(arm_mult_f32.o)
                0x0000000008005910                arm_mult_f32
 .text.arm_dot_prod_f32
                0x00000000080059c4       0xb8 C:\Projects\git\onlab\Digital_guitar_effect\app\STM_AUDIO_BOARD_V2\stm_audio_board_OCTAVE_test\Drivers\CMSIS\Lib\GCC\libarm_cortexM7lfdp_math.a(arm_dot_prod_f32.o)
                0x00000000080059c4                arm_dot_prod_f32
 .text.arm_add_f32
                0x0000000008005a7c       0xb4 C:\Projects\git\onlab\Digital_guitar_effect\app\STM_AUDIO_BOARD_V2\stm_audio_board_OCTAVE_test\Drivers\CMSIS\Lib\GCC\libarm_cortexM7lfdp_math.a(arm_add_f32.o)
                0x0000000008005a7c                arm_add_f32
 .text.arm_abs_f32
                0x0000000008005b30       0x88 C:\Projects\git\onlab\Digital_guitar_effect\app\STM_AUDIO_BOARD_V2\stm_audio_board_OCTAVE_test\Drivers\CMSIS\Lib\GCC\libarm_cortexM7lfdp_math.a(arm_abs_f32.o)
                0x0000000008005b30                arm_abs_f32
 .text.memset   0x0000000008005bb8       0x10 C:/ST/STM32CubeIDE_1.11.2/STM32CubeIDE/plugins/com.st.stm32cube.ide.mcu.externaltools.gnu-tools-for-stm32.11.3.rel1.win32_1.1.100.202309141235/tools/bin/../lib/gcc/arm-none-eabi/11.3.1/../../../../arm-none-eabi/lib/thumb/v7e-m+dp/hard\libc_nano.a(libc_a-memset.o)
                0x0000000008005bb8                memset
 .text.__libc_init_array
                0x0000000008005bc8       0x48 C:/ST/STM32CubeIDE_1.11.2/STM32CubeIDE/plugins/com.st.stm32cube.ide.mcu.externaltools.gnu-tools-for-stm32.11.3.rel1.win32_1.1.100.202309141235/tools/bin/../lib/gcc/arm-none-eabi/11.3.1/../../../../arm-none-eabi/lib/thumb/v7e-m+dp/hard\libc_nano.a(libc_a-init.o)
                0x0000000008005bc8                __libc_init_array
 .text.memcpy   0x0000000008005c10       0x1c C:/ST/STM32CubeIDE_1.11.2/STM32CubeIDE/plugins/com.st.stm32cube.ide.mcu.externaltools.gnu-tools-for-stm32.11.3.rel1.win32_1.1.100.202309141235/tools/bin/../lib/gcc/arm-none-eabi/11.3.1/../../../../arm-none-eabi/lib/thumb/v7e-m+dp/hard\libc_nano.a(libc_a-memcpy-stub.o)
                0x0000000008005c10                memcpy
 *fill*         0x0000000008005c2c        0x4 
 .text.sin      0x0000000008005c30       0x98 C:/ST/STM32CubeIDE_1.11.2/STM32CubeIDE/plugins/com.st.stm32cube.ide.mcu.externaltools.gnu-tools-for-stm32.11.3.rel1.win32_1.1.100.202309141235/tools/bin/../lib/gcc/arm-none-eabi/11.3.1/../../../../arm-none-eabi/lib/thumb/v7e-m+dp/hard\libm.a(libm_a-s_sin.o)
                0x0000000008005c30                sin
 .text.__kernel_cos
                0x0000000008005cc8       0xd8 C:/ST/STM32CubeIDE_1.11.2/STM32CubeIDE/plugins/com.st.stm32cube.ide.mcu.externaltools.gnu-tools-for-stm32.11.3.rel1.win32_1.1.100.202309141235/tools/bin/../lib/gcc/arm-none-eabi/11.3.1/../../../../arm-none-eabi/lib/thumb/v7e-m+dp/hard\libm.a(libm_a-k_cos.o)
                0x0000000008005cc8                __kernel_cos
 .text.__kernel_sin
                0x0000000008005da0       0xb0 C:/ST/STM32CubeIDE_1.11.2/STM32CubeIDE/plugins/com.st.stm32cube.ide.mcu.externaltools.gnu-tools-for-stm32.11.3.rel1.win32_1.1.100.202309141235/tools/bin/../lib/gcc/arm-none-eabi/11.3.1/../../../../arm-none-eabi/lib/thumb/v7e-m+dp/hard\libm.a(libm_a-k_sin.o)
                0x0000000008005da0                __kernel_sin
 .text.__ieee754_rem_pio2
                0x0000000008005e50      0x288 C:/ST/STM32CubeIDE_1.11.2/STM32CubeIDE/plugins/com.st.stm32cube.ide.mcu.externaltools.gnu-tools-for-stm32.11.3.rel1.win32_1.1.100.202309141235/tools/bin/../lib/gcc/arm-none-eabi/11.3.1/../../../../arm-none-eabi/lib/thumb/v7e-m+dp/hard\libm.a(libm_a-e_rem_pio2.o)
                0x0000000008005e50                __ieee754_rem_pio2
 .text.fabs     0x00000000080060d8       0x12 C:/ST/STM32CubeIDE_1.11.2/STM32CubeIDE/plugins/com.st.stm32cube.ide.mcu.externaltools.gnu-tools-for-stm32.11.3.rel1.win32_1.1.100.202309141235/tools/bin/../lib/gcc/arm-none-eabi/11.3.1/../../../../arm-none-eabi/lib/thumb/v7e-m+dp/hard\libm.a(libm_a-s_fabs.o)
                0x00000000080060d8                fabs
 *fill*         0x00000000080060ea        0x6 
 .text.__kernel_rem_pio2
                0x00000000080060f0      0x528 C:/ST/STM32CubeIDE_1.11.2/STM32CubeIDE/plugins/com.st.stm32cube.ide.mcu.externaltools.gnu-tools-for-stm32.11.3.rel1.win32_1.1.100.202309141235/tools/bin/../lib/gcc/arm-none-eabi/11.3.1/../../../../arm-none-eabi/lib/thumb/v7e-m+dp/hard\libm.a(libm_a-k_rem_pio2.o)
                0x00000000080060f0                __kernel_rem_pio2
 .text.scalbn   0x0000000008006618       0xfc C:/ST/STM32CubeIDE_1.11.2/STM32CubeIDE/plugins/com.st.stm32cube.ide.mcu.externaltools.gnu-tools-for-stm32.11.3.rel1.win32_1.1.100.202309141235/tools/bin/../lib/gcc/arm-none-eabi/11.3.1/../../../../arm-none-eabi/lib/thumb/v7e-m+dp/hard\libm.a(libm_a-s_scalbn.o)
                0x0000000008006618                scalbn
 *fill*         0x0000000008006714        0x4 
 .text.floor    0x0000000008006718       0xf0 C:/ST/STM32CubeIDE_1.11.2/STM32CubeIDE/plugins/com.st.stm32cube.ide.mcu.externaltools.gnu-tools-for-stm32.11.3.rel1.win32_1.1.100.202309141235/tools/bin/../lib/gcc/arm-none-eabi/11.3.1/../../../../arm-none-eabi/lib/thumb/v7e-m+dp/hard\libm.a(libm_a-s_floor.o)
                0x0000000008006718                floor
 *(.glue_7)
 .glue_7        0x0000000008006808        0x0 linker stubs
 *(.glue_7t)
 .glue_7t       0x0000000008006808        0x0 linker stubs
 *(.eh_frame)
 .eh_frame      0x0000000008006808        0x0 C:/ST/STM32CubeIDE_1.11.2/STM32CubeIDE/plugins/com.st.stm32cube.ide.mcu.externaltools.gnu-tools-for-stm32.11.3.rel1.win32_1.1.100.202309141235/tools/bin/../lib/gcc/arm-none-eabi/11.3.1/thumb/v7e-m+dp/hard/crtbegin.o
 *(.init)
 .init          0x0000000008006808        0x4 C:/ST/STM32CubeIDE_1.11.2/STM32CubeIDE/plugins/com.st.stm32cube.ide.mcu.externaltools.gnu-tools-for-stm32.11.3.rel1.win32_1.1.100.202309141235/tools/bin/../lib/gcc/arm-none-eabi/11.3.1/thumb/v7e-m+dp/hard/crti.o
                0x0000000008006808                _init
 .init          0x000000000800680c        0x8 C:/ST/STM32CubeIDE_1.11.2/STM32CubeIDE/plugins/com.st.stm32cube.ide.mcu.externaltools.gnu-tools-for-stm32.11.3.rel1.win32_1.1.100.202309141235/tools/bin/../lib/gcc/arm-none-eabi/11.3.1/thumb/v7e-m+dp/hard/crtn.o
 *(.fini)
 .fini          0x0000000008006814        0x4 C:/ST/STM32CubeIDE_1.11.2/STM32CubeIDE/plugins/com.st.stm32cube.ide.mcu.externaltools.gnu-tools-for-stm32.11.3.rel1.win32_1.1.100.202309141235/tools/bin/../lib/gcc/arm-none-eabi/11.3.1/thumb/v7e-m+dp/hard/crti.o
                0x0000000008006814                _fini
 .fini          0x0000000008006818        0x8 C:/ST/STM32CubeIDE_1.11.2/STM32CubeIDE/plugins/com.st.stm32cube.ide.mcu.externaltools.gnu-tools-for-stm32.11.3.rel1.win32_1.1.100.202309141235/tools/bin/../lib/gcc/arm-none-eabi/11.3.1/thumb/v7e-m+dp/hard/crtn.o
                0x0000000008006820                . = ALIGN (0x4)
                0x0000000008006820                _etext = .

.vfp11_veneer   0x0000000008006820        0x0
 .vfp11_veneer  0x0000000008006820        0x0 linker stubs

.v4_bx          0x0000000008006820        0x0
 .v4_bx         0x0000000008006820        0x0 linker stubs

.iplt           0x0000000008006820        0x0
 .iplt          0x0000000008006820        0x0 C:/ST/STM32CubeIDE_1.11.2/STM32CubeIDE/plugins/com.st.stm32cube.ide.mcu.externaltools.gnu-tools-for-stm32.11.3.rel1.win32_1.1.100.202309141235/tools/bin/../lib/gcc/arm-none-eabi/11.3.1/thumb/v7e-m+dp/hard/crtbegin.o

.rodata         0x0000000008006820      0x1f0
                0x0000000008006820                . = ALIGN (0x4)
 *(.rodata)
 *(.rodata*)
 .rodata.D1CorePrescTable
                0x0000000008006820       0x10 ./Common/Src/system_stm32h7xx_dualcore_boot_cm4_cm7.o
                0x0000000008006820                D1CorePrescTable
 .rodata.flagBitshiftOffset.0
                0x0000000008006830        0x8 ./Drivers/STM32H7xx_HAL_Driver/stm32h7xx_hal_dma.o
 .rodata.npio2_hw
                0x0000000008006838       0x80 C:/ST/STM32CubeIDE_1.11.2/STM32CubeIDE/plugins/com.st.stm32cube.ide.mcu.externaltools.gnu-tools-for-stm32.11.3.rel1.win32_1.1.100.202309141235/tools/bin/../lib/gcc/arm-none-eabi/11.3.1/../../../../arm-none-eabi/lib/thumb/v7e-m+dp/hard\libm.a(libm_a-e_rem_pio2.o)
 .rodata.two_over_pi
                0x00000000080068b8      0x108 C:/ST/STM32CubeIDE_1.11.2/STM32CubeIDE/plugins/com.st.stm32cube.ide.mcu.externaltools.gnu-tools-for-stm32.11.3.rel1.win32_1.1.100.202309141235/tools/bin/../lib/gcc/arm-none-eabi/11.3.1/../../../../arm-none-eabi/lib/thumb/v7e-m+dp/hard\libm.a(libm_a-e_rem_pio2.o)
 .rodata.PIo2   0x00000000080069c0       0x40 C:/ST/STM32CubeIDE_1.11.2/STM32CubeIDE/plugins/com.st.stm32cube.ide.mcu.externaltools.gnu-tools-for-stm32.11.3.rel1.win32_1.1.100.202309141235/tools/bin/../lib/gcc/arm-none-eabi/11.3.1/../../../../arm-none-eabi/lib/thumb/v7e-m+dp/hard\libm.a(libm_a-k_rem_pio2.o)
 .rodata.init_jk
                0x0000000008006a00       0x10 C:/ST/STM32CubeIDE_1.11.2/STM32CubeIDE/plugins/com.st.stm32cube.ide.mcu.externaltools.gnu-tools-for-stm32.11.3.rel1.win32_1.1.100.202309141235/tools/bin/../lib/gcc/arm-none-eabi/11.3.1/../../../../arm-none-eabi/lib/thumb/v7e-m+dp/hard\libm.a(libm_a-k_rem_pio2.o)
                0x0000000008006a10                . = ALIGN (0x4)

.rel.dyn        0x0000000008006a10        0x0
 .rel.iplt      0x0000000008006a10        0x0 C:/ST/STM32CubeIDE_1.11.2/STM32CubeIDE/plugins/com.st.stm32cube.ide.mcu.externaltools.gnu-tools-for-stm32.11.3.rel1.win32_1.1.100.202309141235/tools/bin/../lib/gcc/arm-none-eabi/11.3.1/thumb/v7e-m+dp/hard/crtbegin.o

.ARM.extab      0x0000000008006a10        0x0
                0x0000000008006a10                . = ALIGN (0x4)
 *(.ARM.extab* .gnu.linkonce.armextab.*)
                0x0000000008006a10                . = ALIGN (0x4)

.ARM            0x0000000008006a10        0x0
                0x0000000008006a10                . = ALIGN (0x4)
                0x0000000008006a10                __exidx_start = .
 *(.ARM.exidx*)
                0x0000000008006a10                __exidx_end = .
                0x0000000008006a10                . = ALIGN (0x4)

.preinit_array  0x0000000008006a10        0x0
                0x0000000008006a10                . = ALIGN (0x4)
                0x0000000008006a10                PROVIDE (__preinit_array_start = .)
 *(.preinit_array*)
                0x0000000008006a10                PROVIDE (__preinit_array_end = .)
                0x0000000008006a10                . = ALIGN (0x4)

.init_array     0x0000000008006a10        0x4
                0x0000000008006a10                . = ALIGN (0x4)
                0x0000000008006a10                PROVIDE (__init_array_start = .)
 *(SORT_BY_NAME(.init_array.*))
 *(.init_array*)
 .init_array    0x0000000008006a10        0x4 C:/ST/STM32CubeIDE_1.11.2/STM32CubeIDE/plugins/com.st.stm32cube.ide.mcu.externaltools.gnu-tools-for-stm32.11.3.rel1.win32_1.1.100.202309141235/tools/bin/../lib/gcc/arm-none-eabi/11.3.1/thumb/v7e-m+dp/hard/crtbegin.o
                0x0000000008006a14                PROVIDE (__init_array_end = .)
                0x0000000008006a14                . = ALIGN (0x4)

.fini_array     0x0000000008006a14        0x4
                0x0000000008006a14                . = ALIGN (0x4)
                [!provide]                        PROVIDE (__fini_array_start = .)
 *(SORT_BY_NAME(.fini_array.*))
 *(.fini_array*)
 .fini_array    0x0000000008006a14        0x4 C:/ST/STM32CubeIDE_1.11.2/STM32CubeIDE/plugins/com.st.stm32cube.ide.mcu.externaltools.gnu-tools-for-stm32.11.3.rel1.win32_1.1.100.202309141235/tools/bin/../lib/gcc/arm-none-eabi/11.3.1/thumb/v7e-m+dp/hard/crtbegin.o
                [!provide]                        PROVIDE (__fini_array_end = .)
                0x0000000008006a18                . = ALIGN (0x4)
                0x0000000008006a18                _sidata = LOADADDR (.data)

.data           0x0000000024000000      0x384 load address 0x0000000008006a18
                0x0000000024000000                . = ALIGN (0x4)
                0x0000000024000000                _sdata = .
 *(.data)
 *(.data*)
 .data.SystemCoreClock
                0x0000000024000000        0x4 ./Common/Src/system_stm32h7xx_dualcore_boot_cm4_cm7.o
                0x0000000024000000                SystemCoreClock
 .data.SystemD2Clock
                0x0000000024000004        0x4 ./Common/Src/system_stm32h7xx_dualcore_boot_cm4_cm7.o
                0x0000000024000004                SystemD2Clock
 .data.passthrough_volume.2
                0x0000000024000008        0x4 ./Core/Src/guitar_effect_octave.o
 .data.subbandfilter_a1
                0x000000002400000c       0xdc ./Core/Src/guitar_effect_octave.o
 .data.subbandfilter_a2
                0x00000000240000e8       0xdc ./Core/Src/guitar_effect_octave.o
 .data.subbandfilter_b0
                0x00000000240001c4       0xdc ./Core/Src/guitar_effect_octave.o
 .data.subbandfilter_b2
                0x00000000240002a0       0xdc ./Core/Src/guitar_effect_octave.o
 .data.uwTickFreq
                0x000000002400037c        0x1 ./Drivers/STM32H7xx_HAL_Driver/stm32h7xx_hal.o
                0x000000002400037c                uwTickFreq
 *fill*         0x000000002400037d        0x3 
 .data.uwTickPrio
                0x0000000024000380        0x4 ./Drivers/STM32H7xx_HAL_Driver/stm32h7xx_hal.o
                0x0000000024000380                uwTickPrio
 *(.RamFunc)
 *(.RamFunc*)
                0x0000000024000384                . = ALIGN (0x4)
                0x0000000024000384                _edata = .

.igot.plt       0x0000000024000384        0x0 load address 0x0000000008006d9c
 .igot.plt      0x0000000024000384        0x0 C:/ST/STM32CubeIDE_1.11.2/STM32CubeIDE/plugins/com.st.stm32cube.ide.mcu.externaltools.gnu-tools-for-stm32.11.3.rel1.win32_1.1.100.202309141235/tools/bin/../lib/gcc/arm-none-eabi/11.3.1/thumb/v7e-m+dp/hard/crtbegin.o
                0x0000000024000384                . = ALIGN (0x4)

.bss            0x0000000024000384      0x574 load address 0x0000000008006d9c
                0x0000000024000384                _sbss = .
                0x0000000024000384                __bss_start__ = _sbss
 *(.bss)
 .bss           0x0000000024000384       0x1c C:/ST/STM32CubeIDE_1.11.2/STM32CubeIDE/plugins/com.st.stm32cube.ide.mcu.externaltools.gnu-tools-for-stm32.11.3.rel1.win32_1.1.100.202309141235/tools/bin/../lib/gcc/arm-none-eabi/11.3.1/thumb/v7e-m+dp/hard/crtbegin.o
 *(.bss*)
 .bss.AD1939_spi
                0x00000000240003a0        0x4 ./Core/Src/AD1939_driver.o
 .bss.RXdata    0x00000000240003a4        0x3 ./Core/Src/AD1939_driver.o
 *fill*         0x00000000240003a7        0x1 
 .bss.TXdata    0x00000000240003a8        0x3 ./Core/Src/AD1939_driver.o
 *fill*         0x00000000240003ab        0x1 
 .bss.highpass_iir_50hz
                0x00000000240003ac        0xc ./Core/Src/guitar_effect_octave.o
 .bss.highpass_iir_50hz_octave2
                0x00000000240003b8        0xc ./Core/Src/guitar_effect_octave.o
 .bss.octave1_up
                0x00000000240003c4        0x4 ./Core/Src/guitar_effect_octave.o
 .bss.octave1_up_filtered
                0x00000000240003c8        0x4 ./Core/Src/guitar_effect_octave.o
 .bss.subband_absolute_value
                0x00000000240003cc       0xdc ./Core/Src/guitar_effect_octave.o
 .bss.subband_ones
                0x00000000240004a8       0xdc ./Core/Src/guitar_effect_octave.o
 .bss.subbandfilter_b1
                0x0000000024000584       0xdc ./Core/Src/guitar_effect_octave.o
 .bss.ADC_READY_FLAG
                0x0000000024000660        0x1 ./Core/Src/main.o
                0x0000000024000660                ADC_READY_FLAG
 .bss.DAC_HALF_COMPLETE_FLAG
                0x0000000024000661        0x1 ./Core/Src/main.o
                0x0000000024000661                DAC_HALF_COMPLETE_FLAG
 *fill*         0x0000000024000662        0x2 
 .bss.adc_data_bf
                0x0000000024000664        0x4 ./Core/Src/main.o
                0x0000000024000664                adc_data_bf
 .bss.hdma_spi1_rx
                0x0000000024000668       0x78 ./Core/Src/main.o
                0x0000000024000668                hdma_spi1_rx
 .bss.hdma_spi2_tx
                0x00000000240006e0       0x78 ./Core/Src/main.o
                0x00000000240006e0                hdma_spi2_tx
 .bss.hi2s1     0x0000000024000758       0x78 ./Core/Src/main.o
                0x0000000024000758                hi2s1
 .bss.hi2s2     0x00000000240007d0       0x78 ./Core/Src/main.o
                0x00000000240007d0                hi2s2
 .bss.hspi3     0x0000000024000848       0x88 ./Core/Src/main.o
                0x0000000024000848                hspi3
 .bss.my_data   0x00000000240008d0       0x10 ./Core/Src/main.o
                0x00000000240008d0                my_data
 .bss.output_buffer
                0x00000000240008e0        0x4 ./Core/Src/main.o
                0x00000000240008e0                output_buffer
 .bss.rx_data_i2s
                0x00000000240008e4       0x10 ./Core/Src/main.o
                0x00000000240008e4                rx_data_i2s
 .bss.uwTick    0x00000000240008f4        0x4 ./Drivers/STM32H7xx_HAL_Driver/stm32h7xx_hal.o
                0x00000000240008f4                uwTick
 *(COMMON)
                0x00000000240008f8                . = ALIGN (0x4)
                0x00000000240008f8                _ebss = .
                0x00000000240008f8                __bss_end__ = _ebss

._user_heap_stack
                0x00000000240008f8      0x600 load address 0x0000000008006d9c
                0x00000000240008f8                . = ALIGN (0x8)
                [!provide]                        PROVIDE (end = .)
                0x00000000240008f8                PROVIDE (_end = .)
                0x0000000024000af8                . = (. + _Min_Heap_Size)
 *fill*         0x00000000240008f8      0x200 
                0x0000000024000ef8                . = (. + _Min_Stack_Size)
 *fill*         0x0000000024000af8      0x400 
                0x0000000024000ef8                . = ALIGN (0x8)

/DISCARD/
 libc.a(*)
 libm.a(*)
 libgcc.a(*)

.ARM.attributes
                0x0000000000000000       0x2e
 *(.ARM.attributes)
 .ARM.attributes
                0x0000000000000000       0x1e C:/ST/STM32CubeIDE_1.11.2/STM32CubeIDE/plugins/com.st.stm32cube.ide.mcu.externaltools.gnu-tools-for-stm32.11.3.rel1.win32_1.1.100.202309141235/tools/bin/../lib/gcc/arm-none-eabi/11.3.1/thumb/v7e-m+dp/hard/crti.o
 .ARM.attributes
                0x000000000000001e       0x32 C:/ST/STM32CubeIDE_1.11.2/STM32CubeIDE/plugins/com.st.stm32cube.ide.mcu.externaltools.gnu-tools-for-stm32.11.3.rel1.win32_1.1.100.202309141235/tools/bin/../lib/gcc/arm-none-eabi/11.3.1/thumb/v7e-m+dp/hard/crtbegin.o
 .ARM.attributes
                0x0000000000000050       0x2e ./Common/Src/system_stm32h7xx_dualcore_boot_cm4_cm7.o
 .ARM.attributes
                0x000000000000007e       0x2e ./Core/Src/AD1939_driver.o
 .ARM.attributes
                0x00000000000000ac       0x2e ./Core/Src/guitar_effect_delay.o
 .ARM.attributes
                0x00000000000000da       0x2e ./Core/Src/guitar_effect_octave.o
 .ARM.attributes
                0x0000000000000108       0x2e ./Core/Src/main.o
 .ARM.attributes
                0x0000000000000136       0x2e ./Core/Src/stm32h7xx_hal_msp.o
 .ARM.attributes
                0x0000000000000164       0x2e ./Core/Src/stm32h7xx_it.o
 .ARM.attributes
                0x0000000000000192       0x21 ./Core/Startup/startup_stm32h747igtx.o
 .ARM.attributes
                0x00000000000001b3       0x2e ./Drivers/STM32H7xx_HAL_Driver/stm32h7xx_hal.o
 .ARM.attributes
                0x00000000000001e1       0x2e ./Drivers/STM32H7xx_HAL_Driver/stm32h7xx_hal_cortex.o
 .ARM.attributes
                0x000000000000020f       0x2e ./Drivers/STM32H7xx_HAL_Driver/stm32h7xx_hal_dma.o
 .ARM.attributes
                0x000000000000023d       0x2e ./Drivers/STM32H7xx_HAL_Driver/stm32h7xx_hal_gpio.o
 .ARM.attributes
                0x000000000000026b       0x2e ./Drivers/STM32H7xx_HAL_Driver/stm32h7xx_hal_i2s.o
 .ARM.attributes
                0x0000000000000299       0x2e ./Drivers/STM32H7xx_HAL_Driver/stm32h7xx_hal_pwr_ex.o
 .ARM.attributes
                0x00000000000002c7       0x2e ./Drivers/STM32H7xx_HAL_Driver/stm32h7xx_hal_rcc.o
 .ARM.attributes
                0x00000000000002f5       0x2e ./Drivers/STM32H7xx_HAL_Driver/stm32h7xx_hal_rcc_ex.o
 .ARM.attributes
                0x0000000000000323       0x2e ./Drivers/STM32H7xx_HAL_Driver/stm32h7xx_hal_spi.o
 .ARM.attributes
                0x0000000000000351       0x32 C:\Projects\git\onlab\Digital_guitar_effect\app\STM_AUDIO_BOARD_V2\stm_audio_board_OCTAVE_test\Drivers\CMSIS\Lib\GCC\libarm_cortexM7lfdp_math.a(arm_biquad_cascade_df2t_f32.o)
 .ARM.attributes
                0x0000000000000383       0x32 C:\Projects\git\onlab\Digital_guitar_effect\app\STM_AUDIO_BOARD_V2\stm_audio_board_OCTAVE_test\Drivers\CMSIS\Lib\GCC\libarm_cortexM7lfdp_math.a(arm_sub_f32.o)
 .ARM.attributes
                0x00000000000003b5       0x32 C:\Projects\git\onlab\Digital_guitar_effect\app\STM_AUDIO_BOARD_V2\stm_audio_board_OCTAVE_test\Drivers\CMSIS\Lib\GCC\libarm_cortexM7lfdp_math.a(arm_mult_f32.o)
 .ARM.attributes
                0x00000000000003e7       0x32 C:\Projects\git\onlab\Digital_guitar_effect\app\STM_AUDIO_BOARD_V2\stm_audio_board_OCTAVE_test\Drivers\CMSIS\Lib\GCC\libarm_cortexM7lfdp_math.a(arm_dot_prod_f32.o)
 .ARM.attributes
                0x0000000000000419       0x32 C:\Projects\git\onlab\Digital_guitar_effect\app\STM_AUDIO_BOARD_V2\stm_audio_board_OCTAVE_test\Drivers\CMSIS\Lib\GCC\libarm_cortexM7lfdp_math.a(arm_add_f32.o)
 .ARM.attributes
                0x000000000000044b       0x32 C:\Projects\git\onlab\Digital_guitar_effect\app\STM_AUDIO_BOARD_V2\stm_audio_board_OCTAVE_test\Drivers\CMSIS\Lib\GCC\libarm_cortexM7lfdp_math.a(arm_abs_f32.o)
 .ARM.attributes
                0x000000000000047d       0x32 C:/ST/STM32CubeIDE_1.11.2/STM32CubeIDE/plugins/com.st.stm32cube.ide.mcu.externaltools.gnu-tools-for-stm32.11.3.rel1.win32_1.1.100.202309141235/tools/bin/../lib/gcc/arm-none-eabi/11.3.1/../../../../arm-none-eabi/lib/thumb/v7e-m+dp/hard\libc_nano.a(libc_a-memset.o)
 .ARM.attributes
                0x00000000000004af       0x32 C:/ST/STM32CubeIDE_1.11.2/STM32CubeIDE/plugins/com.st.stm32cube.ide.mcu.externaltools.gnu-tools-for-stm32.11.3.rel1.win32_1.1.100.202309141235/tools/bin/../lib/gcc/arm-none-eabi/11.3.1/../../../../arm-none-eabi/lib/thumb/v7e-m+dp/hard\libc_nano.a(libc_a-init.o)
 .ARM.attributes
                0x00000000000004e1       0x32 C:/ST/STM32CubeIDE_1.11.2/STM32CubeIDE/plugins/com.st.stm32cube.ide.mcu.externaltools.gnu-tools-for-stm32.11.3.rel1.win32_1.1.100.202309141235/tools/bin/../lib/gcc/arm-none-eabi/11.3.1/../../../../arm-none-eabi/lib/thumb/v7e-m+dp/hard\libc_nano.a(libc_a-memcpy-stub.o)
 .ARM.attributes
                0x0000000000000513       0x32 C:/ST/STM32CubeIDE_1.11.2/STM32CubeIDE/plugins/com.st.stm32cube.ide.mcu.externaltools.gnu-tools-for-stm32.11.3.rel1.win32_1.1.100.202309141235/tools/bin/../lib/gcc/arm-none-eabi/11.3.1/../../../../arm-none-eabi/lib/thumb/v7e-m+dp/hard\libm.a(libm_a-s_sin.o)
 .ARM.attributes
                0x0000000000000545       0x32 C:/ST/STM32CubeIDE_1.11.2/STM32CubeIDE/plugins/com.st.stm32cube.ide.mcu.externaltools.gnu-tools-for-stm32.11.3.rel1.win32_1.1.100.202309141235/tools/bin/../lib/gcc/arm-none-eabi/11.3.1/../../../../arm-none-eabi/lib/thumb/v7e-m+dp/hard\libm.a(libm_a-k_cos.o)
 .ARM.attributes
                0x0000000000000577       0x32 C:/ST/STM32CubeIDE_1.11.2/STM32CubeIDE/plugins/com.st.stm32cube.ide.mcu.externaltools.gnu-tools-for-stm32.11.3.rel1.win32_1.1.100.202309141235/tools/bin/../lib/gcc/arm-none-eabi/11.3.1/../../../../arm-none-eabi/lib/thumb/v7e-m+dp/hard\libm.a(libm_a-k_sin.o)
 .ARM.attributes
                0x00000000000005a9       0x32 C:/ST/STM32CubeIDE_1.11.2/STM32CubeIDE/plugins/com.st.stm32cube.ide.mcu.externaltools.gnu-tools-for-stm32.11.3.rel1.win32_1.1.100.202309141235/tools/bin/../lib/gcc/arm-none-eabi/11.3.1/../../../../arm-none-eabi/lib/thumb/v7e-m+dp/hard\libm.a(libm_a-e_rem_pio2.o)
 .ARM.attributes
                0x00000000000005db       0x32 C:/ST/STM32CubeIDE_1.11.2/STM32CubeIDE/plugins/com.st.stm32cube.ide.mcu.externaltools.gnu-tools-for-stm32.11.3.rel1.win32_1.1.100.202309141235/tools/bin/../lib/gcc/arm-none-eabi/11.3.1/../../../../arm-none-eabi/lib/thumb/v7e-m+dp/hard\libm.a(libm_a-s_fabs.o)
 .ARM.attributes
                0x000000000000060d       0x32 C:/ST/STM32CubeIDE_1.11.2/STM32CubeIDE/plugins/com.st.stm32cube.ide.mcu.externaltools.gnu-tools-for-stm32.11.3.rel1.win32_1.1.100.202309141235/tools/bin/../lib/gcc/arm-none-eabi/11.3.1/../../../../arm-none-eabi/lib/thumb/v7e-m+dp/hard\libm.a(libm_a-k_rem_pio2.o)
 .ARM.attributes
                0x000000000000063f       0x32 C:/ST/STM32CubeIDE_1.11.2/STM32CubeIDE/plugins/com.st.stm32cube.ide.mcu.externaltools.gnu-tools-for-stm32.11.3.rel1.win32_1.1.100.202309141235/tools/bin/../lib/gcc/arm-none-eabi/11.3.1/../../../../arm-none-eabi/lib/thumb/v7e-m+dp/hard\libm.a(libm_a-s_scalbn.o)
 .ARM.attributes
                0x0000000000000671       0x32 C:/ST/STM32CubeIDE_1.11.2/STM32CubeIDE/plugins/com.st.stm32cube.ide.mcu.externaltools.gnu-tools-for-stm32.11.3.rel1.win32_1.1.100.202309141235/tools/bin/../lib/gcc/arm-none-eabi/11.3.1/../../../../arm-none-eabi/lib/thumb/v7e-m+dp/hard\libm.a(libm_a-s_floor.o)
 .ARM.attributes
                0x00000000000006a3       0x1e C:/ST/STM32CubeIDE_1.11.2/STM32CubeIDE/plugins/com.st.stm32cube.ide.mcu.externaltools.gnu-tools-for-stm32.11.3.rel1.win32_1.1.100.202309141235/tools/bin/../lib/gcc/arm-none-eabi/11.3.1/thumb/v7e-m+dp/hard/crtn.o
OUTPUT(stm_audio_board_Octave_test_CM7.elf elf32-littlearm)
LOAD linker stubs
LOAD C:/ST/STM32CubeIDE_1.11.2/STM32CubeIDE/plugins/com.st.stm32cube.ide.mcu.externaltools.gnu-tools-for-stm32.11.3.rel1.win32_1.1.100.202309141235/tools/bin/../lib/gcc/arm-none-eabi/11.3.1/../../../../arm-none-eabi/lib/thumb/v7e-m+dp/hard\libc.a
LOAD C:/ST/STM32CubeIDE_1.11.2/STM32CubeIDE/plugins/com.st.stm32cube.ide.mcu.externaltools.gnu-tools-for-stm32.11.3.rel1.win32_1.1.100.202309141235/tools/bin/../lib/gcc/arm-none-eabi/11.3.1/../../../../arm-none-eabi/lib/thumb/v7e-m+dp/hard\libm.a
LOAD C:/ST/STM32CubeIDE_1.11.2/STM32CubeIDE/plugins/com.st.stm32cube.ide.mcu.externaltools.gnu-tools-for-stm32.11.3.rel1.win32_1.1.100.202309141235/tools/bin/../lib/gcc/arm-none-eabi/11.3.1/thumb/v7e-m+dp/hard\libgcc.a

.comment        0x0000000000000000       0xb8
 .comment       0x0000000000000000       0x43 C:/ST/STM32CubeIDE_1.11.2/STM32CubeIDE/plugins/com.st.stm32cube.ide.mcu.externaltools.gnu-tools-for-stm32.11.3.rel1.win32_1.1.100.202309141235/tools/bin/../lib/gcc/arm-none-eabi/11.3.1/thumb/v7e-m+dp/hard/crtbegin.o
                                         0x44 (size before relaxing)
 .comment       0x0000000000000043       0x44 ./Common/Src/system_stm32h7xx_dualcore_boot_cm4_cm7.o
 .comment       0x0000000000000043       0x44 ./Core/Src/AD1939_driver.o
 .comment       0x0000000000000043       0x44 ./Core/Src/guitar_effect_delay.o
 .comment       0x0000000000000043       0x44 ./Core/Src/guitar_effect_octave.o
 .comment       0x0000000000000043       0x44 ./Core/Src/main.o
 .comment       0x0000000000000043       0x44 ./Core/Src/stm32h7xx_hal_msp.o
 .comment       0x0000000000000043       0x44 ./Core/Src/stm32h7xx_it.o
 .comment       0x0000000000000043       0x44 ./Drivers/STM32H7xx_HAL_Driver/stm32h7xx_hal.o
 .comment       0x0000000000000043       0x44 ./Drivers/STM32H7xx_HAL_Driver/stm32h7xx_hal_cortex.o
 .comment       0x0000000000000043       0x44 ./Drivers/STM32H7xx_HAL_Driver/stm32h7xx_hal_dma.o
 .comment       0x0000000000000043       0x44 ./Drivers/STM32H7xx_HAL_Driver/stm32h7xx_hal_gpio.o
 .comment       0x0000000000000043       0x44 ./Drivers/STM32H7xx_HAL_Driver/stm32h7xx_hal_i2s.o
 .comment       0x0000000000000043       0x44 ./Drivers/STM32H7xx_HAL_Driver/stm32h7xx_hal_pwr_ex.o
 .comment       0x0000000000000043       0x44 ./Drivers/STM32H7xx_HAL_Driver/stm32h7xx_hal_rcc.o
 .comment       0x0000000000000043       0x44 ./Drivers/STM32H7xx_HAL_Driver/stm32h7xx_hal_rcc_ex.o
 .comment       0x0000000000000043       0x44 ./Drivers/STM32H7xx_HAL_Driver/stm32h7xx_hal_spi.o
 .comment       0x0000000000000043       0x75 C:\Projects\git\onlab\Digital_guitar_effect\app\STM_AUDIO_BOARD_V2\stm_audio_board_OCTAVE_test\Drivers\CMSIS\Lib\GCC\libarm_cortexM7lfdp_math.a(arm_biquad_cascade_df2t_f32.o)
                                         0x76 (size before relaxing)
 .comment       0x00000000000000b8       0x76 C:\Projects\git\onlab\Digital_guitar_effect\app\STM_AUDIO_BOARD_V2\stm_audio_board_OCTAVE_test\Drivers\CMSIS\Lib\GCC\libarm_cortexM7lfdp_math.a(arm_sub_f32.o)
 .comment       0x00000000000000b8       0x76 C:\Projects\git\onlab\Digital_guitar_effect\app\STM_AUDIO_BOARD_V2\stm_audio_board_OCTAVE_test\Drivers\CMSIS\Lib\GCC\libarm_cortexM7lfdp_math.a(arm_mult_f32.o)
 .comment       0x00000000000000b8       0x76 C:\Projects\git\onlab\Digital_guitar_effect\app\STM_AUDIO_BOARD_V2\stm_audio_board_OCTAVE_test\Drivers\CMSIS\Lib\GCC\libarm_cortexM7lfdp_math.a(arm_dot_prod_f32.o)
 .comment       0x00000000000000b8       0x76 C:\Projects\git\onlab\Digital_guitar_effect\app\STM_AUDIO_BOARD_V2\stm_audio_board_OCTAVE_test\Drivers\CMSIS\Lib\GCC\libarm_cortexM7lfdp_math.a(arm_add_f32.o)
 .comment       0x00000000000000b8       0x76 C:\Projects\git\onlab\Digital_guitar_effect\app\STM_AUDIO_BOARD_V2\stm_audio_board_OCTAVE_test\Drivers\CMSIS\Lib\GCC\libarm_cortexM7lfdp_math.a(arm_abs_f32.o)

.debug_info     0x0000000000000000    0x17d68
 .debug_info    0x0000000000000000      0xddd ./Common/Src/system_stm32h7xx_dualcore_boot_cm4_cm7.o
 .debug_info    0x0000000000000ddd     0x1429 ./Core/Src/AD1939_driver.o
 .debug_info    0x0000000000002206      0x39c ./Core/Src/guitar_effect_delay.o
 .debug_info    0x00000000000025a2      0xd0a ./Core/Src/guitar_effect_octave.o
 .debug_info    0x00000000000032ac     0x3035 ./Core/Src/main.o
 .debug_info    0x00000000000062e1     0x172e ./Core/Src/stm32h7xx_hal_msp.o
 .debug_info    0x0000000000007a0f      0x47f ./Core/Src/stm32h7xx_it.o
 .debug_info    0x0000000000007e8e       0x23 ./Core/Startup/startup_stm32h747igtx.o
 .debug_info    0x0000000000007eb1     0x1907 ./Drivers/STM32H7xx_HAL_Driver/stm32h7xx_hal.o
 .debug_info    0x00000000000097b8     0x12c9 ./Drivers/STM32H7xx_HAL_Driver/stm32h7xx_hal_cortex.o
 .debug_info    0x000000000000aa81      0xf64 ./Drivers/STM32H7xx_HAL_Driver/stm32h7xx_hal_dma.o
 .debug_info    0x000000000000b9e5      0xd33 ./Drivers/STM32H7xx_HAL_Driver/stm32h7xx_hal_gpio.o
 .debug_info    0x000000000000c718     0x1701 ./Drivers/STM32H7xx_HAL_Driver/stm32h7xx_hal_i2s.o
 .debug_info    0x000000000000de19     0x13f8 ./Drivers/STM32H7xx_HAL_Driver/stm32h7xx_hal_pwr_ex.o
 .debug_info    0x000000000000f211     0x1364 ./Drivers/STM32H7xx_HAL_Driver/stm32h7xx_hal_rcc.o
 .debug_info    0x0000000000010575     0x1a83 ./Drivers/STM32H7xx_HAL_Driver/stm32h7xx_hal_rcc_ex.o
 .debug_info    0x0000000000011ff8     0x1a40 ./Drivers/STM32H7xx_HAL_Driver/stm32h7xx_hal_spi.o
 .debug_info    0x0000000000013a38      0xc72 C:\Projects\git\onlab\Digital_guitar_effect\app\STM_AUDIO_BOARD_V2\stm_audio_board_OCTAVE_test\Drivers\CMSIS\Lib\GCC\libarm_cortexM7lfdp_math.a(arm_biquad_cascade_df2t_f32.o)
 .debug_info    0x00000000000146aa      0xaf4 C:\Projects\git\onlab\Digital_guitar_effect\app\STM_AUDIO_BOARD_V2\stm_audio_board_OCTAVE_test\Drivers\CMSIS\Lib\GCC\libarm_cortexM7lfdp_math.a(arm_sub_f32.o)
 .debug_info    0x000000000001519e      0xaf4 C:\Projects\git\onlab\Digital_guitar_effect\app\STM_AUDIO_BOARD_V2\stm_audio_board_OCTAVE_test\Drivers\CMSIS\Lib\GCC\libarm_cortexM7lfdp_math.a(arm_mult_f32.o)
 .debug_info    0x0000000000015c92      0xb02 C:\Projects\git\onlab\Digital_guitar_effect\app\STM_AUDIO_BOARD_V2\stm_audio_board_OCTAVE_test\Drivers\CMSIS\Lib\GCC\libarm_cortexM7lfdp_math.a(arm_dot_prod_f32.o)
 .debug_info    0x0000000000016794      0xaf4 C:\Projects\git\onlab\Digital_guitar_effect\app\STM_AUDIO_BOARD_V2\stm_audio_board_OCTAVE_test\Drivers\CMSIS\Lib\GCC\libarm_cortexM7lfdp_math.a(arm_add_f32.o)
 .debug_info    0x0000000000017288      0xae0 C:\Projects\git\onlab\Digital_guitar_effect\app\STM_AUDIO_BOARD_V2\stm_audio_board_OCTAVE_test\Drivers\CMSIS\Lib\GCC\libarm_cortexM7lfdp_math.a(arm_abs_f32.o)

.debug_abbrev   0x0000000000000000     0x3b4b
 .debug_abbrev  0x0000000000000000      0x152 ./Common/Src/system_stm32h7xx_dualcore_boot_cm4_cm7.o
 .debug_abbrev  0x0000000000000152      0x280 ./Core/Src/AD1939_driver.o
 .debug_abbrev  0x00000000000003d2      0x1ca ./Core/Src/guitar_effect_delay.o
 .debug_abbrev  0x000000000000059c      0x330 ./Core/Src/guitar_effect_octave.o
 .debug_abbrev  0x00000000000008cc      0x545 ./Core/Src/main.o
 .debug_abbrev  0x0000000000000e11      0x297 ./Core/Src/stm32h7xx_hal_msp.o
 .debug_abbrev  0x00000000000010a8      0x1b2 ./Core/Src/stm32h7xx_it.o
 .debug_abbrev  0x000000000000125a       0x12 ./Core/Startup/startup_stm32h747igtx.o
 .debug_abbrev  0x000000000000126c      0x315 ./Drivers/STM32H7xx_HAL_Driver/stm32h7xx_hal.o
 .debug_abbrev  0x0000000000001581      0x393 ./Drivers/STM32H7xx_HAL_Driver/stm32h7xx_hal_cortex.o
 .debug_abbrev  0x0000000000001914      0x34a ./Drivers/STM32H7xx_HAL_Driver/stm32h7xx_hal_dma.o
 .debug_abbrev  0x0000000000001c5e      0x24e ./Drivers/STM32H7xx_HAL_Driver/stm32h7xx_hal_gpio.o
 .debug_abbrev  0x0000000000001eac      0x344 ./Drivers/STM32H7xx_HAL_Driver/stm32h7xx_hal_i2s.o
 .debug_abbrev  0x00000000000021f0      0x32c ./Drivers/STM32H7xx_HAL_Driver/stm32h7xx_hal_pwr_ex.o
 .debug_abbrev  0x000000000000251c      0x32b ./Drivers/STM32H7xx_HAL_Driver/stm32h7xx_hal_rcc.o
 .debug_abbrev  0x0000000000002847      0x369 ./Drivers/STM32H7xx_HAL_Driver/stm32h7xx_hal_rcc_ex.o
 .debug_abbrev  0x0000000000002bb0      0x3ca ./Drivers/STM32H7xx_HAL_Driver/stm32h7xx_hal_spi.o
 .debug_abbrev  0x0000000000002f7a      0x215 C:\Projects\git\onlab\Digital_guitar_effect\app\STM_AUDIO_BOARD_V2\stm_audio_board_OCTAVE_test\Drivers\CMSIS\Lib\GCC\libarm_cortexM7lfdp_math.a(arm_biquad_cascade_df2t_f32.o)
 .debug_abbrev  0x000000000000318f      0x1eb C:\Projects\git\onlab\Digital_guitar_effect\app\STM_AUDIO_BOARD_V2\stm_audio_board_OCTAVE_test\Drivers\CMSIS\Lib\GCC\libarm_cortexM7lfdp_math.a(arm_sub_f32.o)
 .debug_abbrev  0x000000000000337a      0x1eb C:\Projects\git\onlab\Digital_guitar_effect\app\STM_AUDIO_BOARD_V2\stm_audio_board_OCTAVE_test\Drivers\CMSIS\Lib\GCC\libarm_cortexM7lfdp_math.a(arm_mult_f32.o)
 .debug_abbrev  0x0000000000003565      0x210 C:\Projects\git\onlab\Digital_guitar_effect\app\STM_AUDIO_BOARD_V2\stm_audio_board_OCTAVE_test\Drivers\CMSIS\Lib\GCC\libarm_cortexM7lfdp_math.a(arm_dot_prod_f32.o)
 .debug_abbrev  0x0000000000003775      0x1eb C:\Projects\git\onlab\Digital_guitar_effect\app\STM_AUDIO_BOARD_V2\stm_audio_board_OCTAVE_test\Drivers\CMSIS\Lib\GCC\libarm_cortexM7lfdp_math.a(arm_add_f32.o)
 .debug_abbrev  0x0000000000003960      0x1eb C:\Projects\git\onlab\Digital_guitar_effect\app\STM_AUDIO_BOARD_V2\stm_audio_board_OCTAVE_test\Drivers\CMSIS\Lib\GCC\libarm_cortexM7lfdp_math.a(arm_abs_f32.o)

.debug_loclists
                0x0000000000000000     0x623f
 .debug_loclists
                0x0000000000000000      0x10c ./Common/Src/system_stm32h7xx_dualcore_boot_cm4_cm7.o
 .debug_loclists
                0x000000000000010c      0x30d ./Core/Src/AD1939_driver.o
 .debug_loclists
                0x0000000000000419       0xd9 ./Core/Src/guitar_effect_delay.o
 .debug_loclists
                0x00000000000004f2      0x116 ./Core/Src/guitar_effect_octave.o
 .debug_loclists
                0x0000000000000608      0x439 ./Core/Src/main.o
 .debug_loclists
                0x0000000000000a41       0x97 ./Core/Src/stm32h7xx_hal_msp.o
 .debug_loclists
                0x0000000000000ad8      0x49a ./Drivers/STM32H7xx_HAL_Driver/stm32h7xx_hal.o
 .debug_loclists
                0x0000000000000f72      0x4c3 ./Drivers/STM32H7xx_HAL_Driver/stm32h7xx_hal_cortex.o
 .debug_loclists
                0x0000000000001435      0xbf7 ./Drivers/STM32H7xx_HAL_Driver/stm32h7xx_hal_dma.o
 .debug_loclists
                0x000000000000202c      0x2b2 ./Drivers/STM32H7xx_HAL_Driver/stm32h7xx_hal_gpio.o
 .debug_loclists
                0x00000000000022de     0x11a9 ./Drivers/STM32H7xx_HAL_Driver/stm32h7xx_hal_i2s.o
 .debug_loclists
                0x0000000000003487      0x443 ./Drivers/STM32H7xx_HAL_Driver/stm32h7xx_hal_pwr_ex.o
 .debug_loclists
                0x00000000000038ca      0x6ef ./Drivers/STM32H7xx_HAL_Driver/stm32h7xx_hal_rcc.o
 .debug_loclists
                0x0000000000003fb9      0xe50 ./Drivers/STM32H7xx_HAL_Driver/stm32h7xx_hal_rcc_ex.o
 .debug_loclists
                0x0000000000004e09     0x1436 ./Drivers/STM32H7xx_HAL_Driver/stm32h7xx_hal_spi.o

.debug_aranges  0x0000000000000000      0xb28
 .debug_aranges
                0x0000000000000000       0x28 ./Common/Src/system_stm32h7xx_dualcore_boot_cm4_cm7.o
 .debug_aranges
                0x0000000000000028       0x38 ./Core/Src/AD1939_driver.o
 .debug_aranges
                0x0000000000000060       0x28 ./Core/Src/guitar_effect_delay.o
 .debug_aranges
                0x0000000000000088       0x40 ./Core/Src/guitar_effect_octave.o
 .debug_aranges
                0x00000000000000c8       0x58 ./Core/Src/main.o
 .debug_aranges
                0x0000000000000120       0x40 ./Core/Src/stm32h7xx_hal_msp.o
 .debug_aranges
                0x0000000000000160       0x60 ./Core/Src/stm32h7xx_it.o
 .debug_aranges
                0x00000000000001c0       0x28 ./Core/Startup/startup_stm32h747igtx.o
 .debug_aranges
                0x00000000000001e8      0x1f8 ./Drivers/STM32H7xx_HAL_Driver/stm32h7xx_hal.o
 .debug_aranges
                0x00000000000003e0       0xb0 ./Drivers/STM32H7xx_HAL_Driver/stm32h7xx_hal_cortex.o
 .debug_aranges
                0x0000000000000490       0x88 ./Drivers/STM32H7xx_HAL_Driver/stm32h7xx_hal_dma.o
 .debug_aranges
                0x0000000000000518       0x58 ./Drivers/STM32H7xx_HAL_Driver/stm32h7xx_hal_gpio.o
 .debug_aranges
                0x0000000000000570      0x110 ./Drivers/STM32H7xx_HAL_Driver/stm32h7xx_hal_i2s.o
 .debug_aranges
                0x0000000000000680      0x140 ./Drivers/STM32H7xx_HAL_Driver/stm32h7xx_hal_pwr_ex.o
 .debug_aranges
                0x00000000000007c0       0x90 ./Drivers/STM32H7xx_HAL_Driver/stm32h7xx_hal_rcc.o
 .debug_aranges
                0x0000000000000850       0xe0 ./Drivers/STM32H7xx_HAL_Driver/stm32h7xx_hal_rcc_ex.o
 .debug_aranges
                0x0000000000000930      0x138 ./Drivers/STM32H7xx_HAL_Driver/stm32h7xx_hal_spi.o
 .debug_aranges
                0x0000000000000a68       0x20 C:\Projects\git\onlab\Digital_guitar_effect\app\STM_AUDIO_BOARD_V2\stm_audio_board_OCTAVE_test\Drivers\CMSIS\Lib\GCC\libarm_cortexM7lfdp_math.a(arm_biquad_cascade_df2t_f32.o)
 .debug_aranges
                0x0000000000000a88       0x20 C:\Projects\git\onlab\Digital_guitar_effect\app\STM_AUDIO_BOARD_V2\stm_audio_board_OCTAVE_test\Drivers\CMSIS\Lib\GCC\libarm_cortexM7lfdp_math.a(arm_sub_f32.o)
 .debug_aranges
                0x0000000000000aa8       0x20 C:\Projects\git\onlab\Digital_guitar_effect\app\STM_AUDIO_BOARD_V2\stm_audio_board_OCTAVE_test\Drivers\CMSIS\Lib\GCC\libarm_cortexM7lfdp_math.a(arm_mult_f32.o)
 .debug_aranges
                0x0000000000000ac8       0x20 C:\Projects\git\onlab\Digital_guitar_effect\app\STM_AUDIO_BOARD_V2\stm_audio_board_OCTAVE_test\Drivers\CMSIS\Lib\GCC\libarm_cortexM7lfdp_math.a(arm_dot_prod_f32.o)
 .debug_aranges
                0x0000000000000ae8       0x20 C:\Projects\git\onlab\Digital_guitar_effect\app\STM_AUDIO_BOARD_V2\stm_audio_board_OCTAVE_test\Drivers\CMSIS\Lib\GCC\libarm_cortexM7lfdp_math.a(arm_add_f32.o)
 .debug_aranges
                0x0000000000000b08       0x20 C:\Projects\git\onlab\Digital_guitar_effect\app\STM_AUDIO_BOARD_V2\stm_audio_board_OCTAVE_test\Drivers\CMSIS\Lib\GCC\libarm_cortexM7lfdp_math.a(arm_abs_f32.o)

.debug_rnglists
                0x0000000000000000      0xcce
 .debug_rnglists
                0x0000000000000000       0x1b ./Common/Src/system_stm32h7xx_dualcore_boot_cm4_cm7.o
 .debug_rnglists
                0x000000000000001b       0x38 ./Core/Src/AD1939_driver.o
 .debug_rnglists
                0x0000000000000053       0x62 ./Core/Src/guitar_effect_delay.o
 .debug_rnglists
                0x00000000000000b5       0x87 ./Core/Src/guitar_effect_octave.o
 .debug_rnglists
                0x000000000000013c      0x135 ./Core/Src/main.o
 .debug_rnglists
                0x0000000000000271       0xa0 ./Core/Src/stm32h7xx_hal_msp.o
 .debug_rnglists
                0x0000000000000311       0x43 ./Core/Src/stm32h7xx_it.o
 .debug_rnglists
                0x0000000000000354       0x19 ./Core/Startup/startup_stm32h747igtx.o
 .debug_rnglists
                0x000000000000036d      0x178 ./Drivers/STM32H7xx_HAL_Driver/stm32h7xx_hal.o
 .debug_rnglists
                0x00000000000004e5       0xd6 ./Drivers/STM32H7xx_HAL_Driver/stm32h7xx_hal_cortex.o
 .debug_rnglists
                0x00000000000005bb       0xcb ./Drivers/STM32H7xx_HAL_Driver/stm32h7xx_hal_dma.o
 .debug_rnglists
                0x0000000000000686       0x54 ./Drivers/STM32H7xx_HAL_Driver/stm32h7xx_hal_gpio.o
 .debug_rnglists
                0x00000000000006da      0x13e ./Drivers/STM32H7xx_HAL_Driver/stm32h7xx_hal_i2s.o
 .debug_rnglists
                0x0000000000000818      0x12b ./Drivers/STM32H7xx_HAL_Driver/stm32h7xx_hal_pwr_ex.o
 .debug_rnglists
                0x0000000000000943      0x15a ./Drivers/STM32H7xx_HAL_Driver/stm32h7xx_hal_rcc.o
 .debug_rnglists
                0x0000000000000a9d       0xca ./Drivers/STM32H7xx_HAL_Driver/stm32h7xx_hal_rcc_ex.o
 .debug_rnglists
                0x0000000000000b67      0x167 ./Drivers/STM32H7xx_HAL_Driver/stm32h7xx_hal_spi.o

.debug_macro    0x0000000000000000    0x3f5d4
 .debug_macro   0x0000000000000000      0x2a9 ./Common/Src/system_stm32h7xx_dualcore_boot_cm4_cm7.o
 .debug_macro   0x00000000000002a9      0xad8 ./Common/Src/system_stm32h7xx_dualcore_boot_cm4_cm7.o
 .debug_macro   0x0000000000000d81       0x2e ./Common/Src/system_stm32h7xx_dualcore_boot_cm4_cm7.o
 .debug_macro   0x0000000000000daf       0x49 ./Common/Src/system_stm32h7xx_dualcore_boot_cm4_cm7.o
 .debug_macro   0x0000000000000df8       0x22 ./Common/Src/system_stm32h7xx_dualcore_boot_cm4_cm7.o
 .debug_macro   0x0000000000000e1a       0x8e ./Common/Src/system_stm32h7xx_dualcore_boot_cm4_cm7.o
 .debug_macro   0x0000000000000ea8       0x51 ./Common/Src/system_stm32h7xx_dualcore_boot_cm4_cm7.o
 .debug_macro   0x0000000000000ef9      0x103 ./Common/Src/system_stm32h7xx_dualcore_boot_cm4_cm7.o
 .debug_macro   0x0000000000000ffc       0x6a ./Common/Src/system_stm32h7xx_dualcore_boot_cm4_cm7.o
 .debug_macro   0x0000000000001066      0x1df ./Common/Src/system_stm32h7xx_dualcore_boot_cm4_cm7.o
 .debug_macro   0x0000000000001245       0x1c ./Common/Src/system_stm32h7xx_dualcore_boot_cm4_cm7.o
 .debug_macro   0x0000000000001261       0x22 ./Common/Src/system_stm32h7xx_dualcore_boot_cm4_cm7.o
 .debug_macro   0x0000000000001283       0xfb ./Common/Src/system_stm32h7xx_dualcore_boot_cm4_cm7.o
 .debug_macro   0x000000000000137e     0x1305 ./Common/Src/system_stm32h7xx_dualcore_boot_cm4_cm7.o
 .debug_macro   0x0000000000002683      0x11f ./Common/Src/system_stm32h7xx_dualcore_boot_cm4_cm7.o
 .debug_macro   0x00000000000027a2       0x27 ./Common/Src/system_stm32h7xx_dualcore_boot_cm4_cm7.o
 .debug_macro   0x00000000000027c9    0x2c71e ./Common/Src/system_stm32h7xx_dualcore_boot_cm4_cm7.o
 .debug_macro   0x000000000002eee7       0x6d ./Common/Src/system_stm32h7xx_dualcore_boot_cm4_cm7.o
 .debug_macro   0x000000000002ef54      0x238 ./Common/Src/system_stm32h7xx_dualcore_boot_cm4_cm7.o
 .debug_macro   0x000000000002f18c     0x3d5d ./Common/Src/system_stm32h7xx_dualcore_boot_cm4_cm7.o
 .debug_macro   0x0000000000032ee9      0x174 ./Common/Src/system_stm32h7xx_dualcore_boot_cm4_cm7.o
 .debug_macro   0x000000000003305d       0x61 ./Common/Src/system_stm32h7xx_dualcore_boot_cm4_cm7.o
 .debug_macro   0x00000000000330be       0x29 ./Common/Src/system_stm32h7xx_dualcore_boot_cm4_cm7.o
 .debug_macro   0x00000000000330e7       0x43 ./Common/Src/system_stm32h7xx_dualcore_boot_cm4_cm7.o
 .debug_macro   0x000000000003312a       0x34 ./Common/Src/system_stm32h7xx_dualcore_boot_cm4_cm7.o
 .debug_macro   0x000000000003315e       0x16 ./Common/Src/system_stm32h7xx_dualcore_boot_cm4_cm7.o
 .debug_macro   0x0000000000033174       0x43 ./Common/Src/system_stm32h7xx_dualcore_boot_cm4_cm7.o
 .debug_macro   0x00000000000331b7       0x34 ./Common/Src/system_stm32h7xx_dualcore_boot_cm4_cm7.o
 .debug_macro   0x00000000000331eb       0x10 ./Common/Src/system_stm32h7xx_dualcore_boot_cm4_cm7.o
 .debug_macro   0x00000000000331fb       0x58 ./Common/Src/system_stm32h7xx_dualcore_boot_cm4_cm7.o
 .debug_macro   0x0000000000033253       0x8e ./Common/Src/system_stm32h7xx_dualcore_boot_cm4_cm7.o
 .debug_macro   0x00000000000332e1       0x1c ./Common/Src/system_stm32h7xx_dualcore_boot_cm4_cm7.o
 .debug_macro   0x00000000000332fd      0x177 ./Common/Src/system_stm32h7xx_dualcore_boot_cm4_cm7.o
 .debug_macro   0x0000000000033474      0x369 ./Common/Src/system_stm32h7xx_dualcore_boot_cm4_cm7.o
 .debug_macro   0x00000000000337dd      0x19b ./Common/Src/system_stm32h7xx_dualcore_boot_cm4_cm7.o
 .debug_macro   0x0000000000033978       0x5d ./Common/Src/system_stm32h7xx_dualcore_boot_cm4_cm7.o
 .debug_macro   0x00000000000339d5     0x3ae3 ./Common/Src/system_stm32h7xx_dualcore_boot_cm4_cm7.o
 .debug_macro   0x00000000000374b8     0x1095 ./Common/Src/system_stm32h7xx_dualcore_boot_cm4_cm7.o
 .debug_macro   0x000000000003854d      0x154 ./Common/Src/system_stm32h7xx_dualcore_boot_cm4_cm7.o
 .debug_macro   0x00000000000386a1      0x130 ./Common/Src/system_stm32h7xx_dualcore_boot_cm4_cm7.o
 .debug_macro   0x00000000000387d1      0x3c5 ./Common/Src/system_stm32h7xx_dualcore_boot_cm4_cm7.o
 .debug_macro   0x0000000000038b96       0xac ./Common/Src/system_stm32h7xx_dualcore_boot_cm4_cm7.o
 .debug_macro   0x0000000000038c42      0x72d ./Common/Src/system_stm32h7xx_dualcore_boot_cm4_cm7.o
 .debug_macro   0x000000000003936f      0x228 ./Common/Src/system_stm32h7xx_dualcore_boot_cm4_cm7.o
 .debug_macro   0x0000000000039597       0x66 ./Common/Src/system_stm32h7xx_dualcore_boot_cm4_cm7.o
 .debug_macro   0x00000000000395fd      0x3c9 ./Common/Src/system_stm32h7xx_dualcore_boot_cm4_cm7.o
 .debug_macro   0x00000000000399c6      0x407 ./Common/Src/system_stm32h7xx_dualcore_boot_cm4_cm7.o
 .debug_macro   0x0000000000039dcd      0x27c ./Common/Src/system_stm32h7xx_dualcore_boot_cm4_cm7.o
 .debug_macro   0x000000000003a049      0x3ca ./Common/Src/system_stm32h7xx_dualcore_boot_cm4_cm7.o
 .debug_macro   0x000000000003a413      0x4a2 ./Common/Src/system_stm32h7xx_dualcore_boot_cm4_cm7.o
 .debug_macro   0x000000000003a8b5       0x51 ./Common/Src/system_stm32h7xx_dualcore_boot_cm4_cm7.o
 .debug_macro   0x000000000003a906       0x4a ./Common/Src/system_stm32h7xx_dualcore_boot_cm4_cm7.o
 .debug_macro   0x000000000003a950      0x22c ./Common/Src/system_stm32h7xx_dualcore_boot_cm4_cm7.o
 .debug_macro   0x000000000003ab7c       0x67 ./Common/Src/system_stm32h7xx_dualcore_boot_cm4_cm7.o
 .debug_macro   0x000000000003abe3       0xa5 ./Common/Src/system_stm32h7xx_dualcore_boot_cm4_cm7.o
 .debug_macro   0x000000000003ac88      0x264 ./Common/Src/system_stm32h7xx_dualcore_boot_cm4_cm7.o
 .debug_macro   0x000000000003aeec      0x218 ./Common/Src/system_stm32h7xx_dualcore_boot_cm4_cm7.o
 .debug_macro   0x000000000003b104      0x2ea ./Common/Src/system_stm32h7xx_dualcore_boot_cm4_cm7.o
 .debug_macro   0x000000000003b3ee       0x35 ./Common/Src/system_stm32h7xx_dualcore_boot_cm4_cm7.o
 .debug_macro   0x000000000003b423      0x5e4 ./Common/Src/system_stm32h7xx_dualcore_boot_cm4_cm7.o
 .debug_macro   0x000000000003ba07       0xba ./Common/Src/system_stm32h7xx_dualcore_boot_cm4_cm7.o
 .debug_macro   0x000000000003bac1      0x798 ./Common/Src/system_stm32h7xx_dualcore_boot_cm4_cm7.o
 .debug_macro   0x000000000003c259      0x2c1 ./Core/Src/AD1939_driver.o
 .debug_macro   0x000000000003c51a       0x3a ./Core/Src/AD1939_driver.o
 .debug_macro   0x000000000003c554       0x76 ./Core/Src/AD1939_driver.o
 .debug_macro   0x000000000003c5ca      0x2c8 ./Core/Src/guitar_effect_delay.o
 .debug_macro   0x000000000003c892       0x34 ./Core/Src/guitar_effect_delay.o
 .debug_macro   0x000000000003c8c6      0x2de ./Core/Src/guitar_effect_octave.o
 .debug_macro   0x000000000003cba4       0x10 ./Core/Src/guitar_effect_octave.o
 .debug_macro   0x000000000003cbb4       0x35 ./Core/Src/guitar_effect_octave.o
 .debug_macro   0x000000000003cbe9       0x20 ./Core/Src/guitar_effect_octave.o
 .debug_macro   0x000000000003cc09      0x201 ./Core/Src/guitar_effect_octave.o
 .debug_macro   0x000000000003ce0a       0x7c ./Core/Src/guitar_effect_octave.o
 .debug_macro   0x000000000003ce86       0x17 ./Core/Src/guitar_effect_octave.o
 .debug_macro   0x000000000003ce9d      0x118 ./Core/Src/guitar_effect_octave.o
 .debug_macro   0x000000000003cfb5       0xb9 ./Core/Src/guitar_effect_octave.o
 .debug_macro   0x000000000003d06e       0x42 ./Core/Src/guitar_effect_octave.o
 .debug_macro   0x000000000003d0b0       0x35 ./Core/Src/guitar_effect_octave.o
 .debug_macro   0x000000000003d0e5       0x22 ./Core/Src/guitar_effect_octave.o
 .debug_macro   0x000000000003d107       0x28 ./Core/Src/guitar_effect_octave.o
 .debug_macro   0x000000000003d12f       0x16 ./Core/Src/guitar_effect_octave.o
 .debug_macro   0x000000000003d145       0x16 ./Core/Src/guitar_effect_octave.o
 .debug_macro   0x000000000003d15b       0x10 ./Core/Src/guitar_effect_octave.o
 .debug_macro   0x000000000003d16b      0x491 ./Core/Src/main.o
 .debug_macro   0x000000000003d5fc       0xc7 ./Core/Src/main.o
 .debug_macro   0x000000000003d6c3       0x4c ./Core/Src/main.o
 .debug_macro   0x000000000003d70f       0x16 ./Core/Src/main.o
 .debug_macro   0x000000000003d725       0x10 ./Core/Src/main.o
 .debug_macro   0x000000000003d735       0x10 ./Core/Src/main.o
 .debug_macro   0x000000000003d745      0x2b8 ./Core/Src/stm32h7xx_hal_msp.o
 .debug_macro   0x000000000003d9fd      0x2c2 ./Core/Src/stm32h7xx_it.o
 .debug_macro   0x000000000003dcbf      0x2d3 ./Drivers/STM32H7xx_HAL_Driver/stm32h7xx_hal.o
 .debug_macro   0x000000000003df92      0x2a9 ./Drivers/STM32H7xx_HAL_Driver/stm32h7xx_hal_cortex.o
 .debug_macro   0x000000000003e23b      0x2fd ./Drivers/STM32H7xx_HAL_Driver/stm32h7xx_hal_dma.o
 .debug_macro   0x000000000003e538      0x2bd ./Drivers/STM32H7xx_HAL_Driver/stm32h7xx_hal_gpio.o
 .debug_macro   0x000000000003e7f5      0x2b1 ./Drivers/STM32H7xx_HAL_Driver/stm32h7xx_hal_i2s.o
 .debug_macro   0x000000000003eaa6      0x2e2 ./Drivers/STM32H7xx_HAL_Driver/stm32h7xx_hal_pwr_ex.o
 .debug_macro   0x000000000003ed88      0x2cd ./Drivers/STM32H7xx_HAL_Driver/stm32h7xx_hal_rcc.o
 .debug_macro   0x000000000003f055      0x2c7 ./Drivers/STM32H7xx_HAL_Driver/stm32h7xx_hal_rcc_ex.o
 .debug_macro   0x000000000003f31c      0x2b8 ./Drivers/STM32H7xx_HAL_Driver/stm32h7xx_hal_spi.o

.debug_line     0x0000000000000000    0x1745d
 .debug_line    0x0000000000000000      0xbd2 ./Common/Src/system_stm32h7xx_dualcore_boot_cm4_cm7.o
 .debug_line    0x0000000000000bd2      0xc92 ./Core/Src/AD1939_driver.o
 .debug_line    0x0000000000001864      0xad7 ./Core/Src/guitar_effect_delay.o
 .debug_line    0x000000000000233b      0xc84 ./Core/Src/guitar_effect_octave.o
 .debug_line    0x0000000000002fbf     0x18d3 ./Core/Src/main.o
 .debug_line    0x0000000000004892      0xcb8 ./Core/Src/stm32h7xx_hal_msp.o
 .debug_line    0x000000000000554a      0x9e2 ./Core/Src/stm32h7xx_it.o
 .debug_line    0x0000000000005f2c       0x7a ./Core/Startup/startup_stm32h747igtx.o
 .debug_line    0x0000000000005fa6     0x1292 ./Drivers/STM32H7xx_HAL_Driver/stm32h7xx_hal.o
 .debug_line    0x0000000000007238      0xf76 ./Drivers/STM32H7xx_HAL_Driver/stm32h7xx_hal_cortex.o
 .debug_line    0x00000000000081ae     0x2370 ./Drivers/STM32H7xx_HAL_Driver/stm32h7xx_hal_dma.o
 .debug_line    0x000000000000a51e      0xf26 ./Drivers/STM32H7xx_HAL_Driver/stm32h7xx_hal_gpio.o
 .debug_line    0x000000000000b444     0x264a ./Drivers/STM32H7xx_HAL_Driver/stm32h7xx_hal_i2s.o
 .debug_line    0x000000000000da8e     0x1391 ./Drivers/STM32H7xx_HAL_Driver/stm32h7xx_hal_pwr_ex.o
 .debug_line    0x000000000000ee1f     0x1d51 ./Drivers/STM32H7xx_HAL_Driver/stm32h7xx_hal_rcc.o
 .debug_line    0x0000000000010b70     0x24e8 ./Drivers/STM32H7xx_HAL_Driver/stm32h7xx_hal_rcc_ex.o
 .debug_line    0x0000000000013058     0x2dc2 ./Drivers/STM32H7xx_HAL_Driver/stm32h7xx_hal_spi.o
 .debug_line    0x0000000000015e1a      0x79b C:\Projects\git\onlab\Digital_guitar_effect\app\STM_AUDIO_BOARD_V2\stm_audio_board_OCTAVE_test\Drivers\CMSIS\Lib\GCC\libarm_cortexM7lfdp_math.a(arm_biquad_cascade_df2t_f32.o)
 .debug_line    0x00000000000165b5      0x2e9 C:\Projects\git\onlab\Digital_guitar_effect\app\STM_AUDIO_BOARD_V2\stm_audio_board_OCTAVE_test\Drivers\CMSIS\Lib\GCC\libarm_cortexM7lfdp_math.a(arm_sub_f32.o)
 .debug_line    0x000000000001689e      0x2ea C:\Projects\git\onlab\Digital_guitar_effect\app\STM_AUDIO_BOARD_V2\stm_audio_board_OCTAVE_test\Drivers\CMSIS\Lib\GCC\libarm_cortexM7lfdp_math.a(arm_mult_f32.o)
 .debug_line    0x0000000000016b88      0x304 C:\Projects\git\onlab\Digital_guitar_effect\app\STM_AUDIO_BOARD_V2\stm_audio_board_OCTAVE_test\Drivers\CMSIS\Lib\GCC\libarm_cortexM7lfdp_math.a(arm_dot_prod_f32.o)
 .debug_line    0x0000000000016e8c      0x2e9 C:\Projects\git\onlab\Digital_guitar_effect\app\STM_AUDIO_BOARD_V2\stm_audio_board_OCTAVE_test\Drivers\CMSIS\Lib\GCC\libarm_cortexM7lfdp_math.a(arm_add_f32.o)
 .debug_line    0x0000000000017175      0x2e8 C:\Projects\git\onlab\Digital_guitar_effect\app\STM_AUDIO_BOARD_V2\stm_audio_board_OCTAVE_test\Drivers\CMSIS\Lib\GCC\libarm_cortexM7lfdp_math.a(arm_abs_f32.o)

.debug_str      0x0000000000000000   0x196305
 .debug_str     0x0000000000000000   0x18e59d ./Common/Src/system_stm32h7xx_dualcore_boot_cm4_cm7.o
                                     0x18ea0d (size before relaxing)
 .debug_str     0x000000000018e59d      0x977 ./Core/Src/AD1939_driver.o
                                     0x18edb6 (size before relaxing)
 .debug_str     0x000000000018ef14      0x23e ./Core/Src/guitar_effect_delay.o
                                     0x18e6e4 (size before relaxing)
 .debug_str     0x000000000018f152     0x1af9 ./Core/Src/guitar_effect_octave.o
                                       0x9eb8 (size before relaxing)
 .debug_str     0x0000000000190c4b     0x196c ./Core/Src/main.o
                                     0x192670 (size before relaxing)
 .debug_str     0x00000000001925b7      0x3e6 ./Core/Src/stm32h7xx_hal_msp.o
                                     0x18f3b0 (size before relaxing)
 .debug_str     0x000000000019299d      0x10c ./Core/Src/stm32h7xx_it.o
                                     0x18e8ac (size before relaxing)
 .debug_str     0x0000000000192aa9       0x34 ./Core/Startup/startup_stm32h747igtx.o
                                         0x9d (size before relaxing)
 .debug_str     0x0000000000192add      0x9c5 ./Drivers/STM32H7xx_HAL_Driver/stm32h7xx_hal.o
                                     0x18faba (size before relaxing)
 .debug_str     0x00000000001934a2      0x38d ./Drivers/STM32H7xx_HAL_Driver/stm32h7xx_hal_cortex.o
                                     0x18f2e9 (size before relaxing)
 .debug_str     0x000000000019382f      0x8a8 ./Drivers/STM32H7xx_HAL_Driver/stm32h7xx_hal_dma.o
                                     0x18f0c1 (size before relaxing)
 .debug_str     0x00000000001940d7      0x17d ./Drivers/STM32H7xx_HAL_Driver/stm32h7xx_hal_gpio.o
                                     0x18e9b2 (size before relaxing)
 .debug_str     0x0000000000194254      0x513 ./Drivers/STM32H7xx_HAL_Driver/stm32h7xx_hal_i2s.o
                                     0x18f001 (size before relaxing)
 .debug_str     0x0000000000194767      0x6db ./Drivers/STM32H7xx_HAL_Driver/stm32h7xx_hal_pwr_ex.o
                                     0x18eebd (size before relaxing)
 .debug_str     0x0000000000194e42      0x28a ./Drivers/STM32H7xx_HAL_Driver/stm32h7xx_hal_rcc.o
                                     0x18ed33 (size before relaxing)
 .debug_str     0x00000000001950cc      0x6b0 ./Drivers/STM32H7xx_HAL_Driver/stm32h7xx_hal_rcc_ex.o
                                     0x18f27a (size before relaxing)
 .debug_str     0x000000000019577c      0x50d ./Drivers/STM32H7xx_HAL_Driver/stm32h7xx_hal_spi.o
                                     0x18f02b (size before relaxing)
 .debug_str     0x0000000000195c89      0x57d C:\Projects\git\onlab\Digital_guitar_effect\app\STM_AUDIO_BOARD_V2\stm_audio_board_OCTAVE_test\Drivers\CMSIS\Lib\GCC\libarm_cortexM7lfdp_math.a(arm_biquad_cascade_df2t_f32.o)
                                        0x6ea (size before relaxing)
 .debug_str     0x0000000000196206       0x41 C:\Projects\git\onlab\Digital_guitar_effect\app\STM_AUDIO_BOARD_V2\stm_audio_board_OCTAVE_test\Drivers\CMSIS\Lib\GCC\libarm_cortexM7lfdp_math.a(arm_sub_f32.o)
                                        0x671 (size before relaxing)
 .debug_str     0x0000000000196247       0x2f C:\Projects\git\onlab\Digital_guitar_effect\app\STM_AUDIO_BOARD_V2\stm_audio_board_OCTAVE_test\Drivers\CMSIS\Lib\GCC\libarm_cortexM7lfdp_math.a(arm_mult_f32.o)
                                        0x673 (size before relaxing)
 .debug_str     0x0000000000196276       0x33 C:\Projects\git\onlab\Digital_guitar_effect\app\STM_AUDIO_BOARD_V2\stm_audio_board_OCTAVE_test\Drivers\CMSIS\Lib\GCC\libarm_cortexM7lfdp_math.a(arm_dot_prod_f32.o)
                                        0x67d (size before relaxing)
 .debug_str     0x00000000001962a9       0x2e C:\Projects\git\onlab\Digital_guitar_effect\app\STM_AUDIO_BOARD_V2\stm_audio_board_OCTAVE_test\Drivers\CMSIS\Lib\GCC\libarm_cortexM7lfdp_math.a(arm_add_f32.o)
                                        0x671 (size before relaxing)
 .debug_str     0x00000000001962d7       0x2e C:\Projects\git\onlab\Digital_guitar_effect\app\STM_AUDIO_BOARD_V2\stm_audio_board_OCTAVE_test\Drivers\CMSIS\Lib\GCC\libarm_cortexM7lfdp_math.a(arm_abs_f32.o)
                                        0x66a (size before relaxing)

.debug_frame    0x0000000000000000     0x21c8
 .debug_frame   0x0000000000000000       0x4c ./Common/Src/system_stm32h7xx_dualcore_boot_cm4_cm7.o
 .debug_frame   0x000000000000004c       0xa0 ./Core/Src/AD1939_driver.o
 .debug_frame   0x00000000000000ec       0x48 ./Core/Src/guitar_effect_delay.o
 .debug_frame   0x0000000000000134       0xe0 ./Core/Src/guitar_effect_octave.o
 .debug_frame   0x0000000000000214       0xf0 ./Core/Src/main.o
 .debug_frame   0x0000000000000304       0xcc ./Core/Src/stm32h7xx_hal_msp.o
 .debug_frame   0x00000000000003d0       0xc0 ./Core/Src/stm32h7xx_it.o
 .debug_frame   0x0000000000000490      0x460 ./Drivers/STM32H7xx_HAL_Driver/stm32h7xx_hal.o
 .debug_frame   0x00000000000008f0      0x168 ./Drivers/STM32H7xx_HAL_Driver/stm32h7xx_hal_cortex.o
 .debug_frame   0x0000000000000a58      0x244 ./Drivers/STM32H7xx_HAL_Driver/stm32h7xx_hal_dma.o
 .debug_frame   0x0000000000000c9c      0x100 ./Drivers/STM32H7xx_HAL_Driver/stm32h7xx_hal_gpio.o
 .debug_frame   0x0000000000000d9c      0x434 ./Drivers/STM32H7xx_HAL_Driver/stm32h7xx_hal_i2s.o
 .debug_frame   0x00000000000011d0      0x340 ./Drivers/STM32H7xx_HAL_Driver/stm32h7xx_hal_pwr_ex.o
 .debug_frame   0x0000000000001510      0x1f0 ./Drivers/STM32H7xx_HAL_Driver/stm32h7xx_hal_rcc.o
 .debug_frame   0x0000000000001700      0x2c8 ./Drivers/STM32H7xx_HAL_Driver/stm32h7xx_hal_rcc_ex.o
 .debug_frame   0x00000000000019c8      0x4d0 ./Drivers/STM32H7xx_HAL_Driver/stm32h7xx_hal_spi.o
 .debug_frame   0x0000000000001e98       0x38 C:\Projects\git\onlab\Digital_guitar_effect\app\STM_AUDIO_BOARD_V2\stm_audio_board_OCTAVE_test\Drivers\CMSIS\Lib\GCC\libarm_cortexM7lfdp_math.a(arm_biquad_cascade_df2t_f32.o)
 .debug_frame   0x0000000000001ed0       0x34 C:\Projects\git\onlab\Digital_guitar_effect\app\STM_AUDIO_BOARD_V2\stm_audio_board_OCTAVE_test\Drivers\CMSIS\Lib\GCC\libarm_cortexM7lfdp_math.a(arm_sub_f32.o)
 .debug_frame   0x0000000000001f04       0x34 C:\Projects\git\onlab\Digital_guitar_effect\app\STM_AUDIO_BOARD_V2\stm_audio_board_OCTAVE_test\Drivers\CMSIS\Lib\GCC\libarm_cortexM7lfdp_math.a(arm_mult_f32.o)
 .debug_frame   0x0000000000001f38       0x38 C:\Projects\git\onlab\Digital_guitar_effect\app\STM_AUDIO_BOARD_V2\stm_audio_board_OCTAVE_test\Drivers\CMSIS\Lib\GCC\libarm_cortexM7lfdp_math.a(arm_dot_prod_f32.o)
 .debug_frame   0x0000000000001f70       0x34 C:\Projects\git\onlab\Digital_guitar_effect\app\STM_AUDIO_BOARD_V2\stm_audio_board_OCTAVE_test\Drivers\CMSIS\Lib\GCC\libarm_cortexM7lfdp_math.a(arm_add_f32.o)
 .debug_frame   0x0000000000001fa4       0x30 C:\Projects\git\onlab\Digital_guitar_effect\app\STM_AUDIO_BOARD_V2\stm_audio_board_OCTAVE_test\Drivers\CMSIS\Lib\GCC\libarm_cortexM7lfdp_math.a(arm_abs_f32.o)
 .debug_frame   0x0000000000001fd4       0x20 C:/ST/STM32CubeIDE_1.11.2/STM32CubeIDE/plugins/com.st.stm32cube.ide.mcu.externaltools.gnu-tools-for-stm32.11.3.rel1.win32_1.1.100.202309141235/tools/bin/../lib/gcc/arm-none-eabi/11.3.1/../../../../arm-none-eabi/lib/thumb/v7e-m+dp/hard\libc_nano.a(libc_a-memset.o)
 .debug_frame   0x0000000000001ff4       0x2c C:/ST/STM32CubeIDE_1.11.2/STM32CubeIDE/plugins/com.st.stm32cube.ide.mcu.externaltools.gnu-tools-for-stm32.11.3.rel1.win32_1.1.100.202309141235/tools/bin/../lib/gcc/arm-none-eabi/11.3.1/../../../../arm-none-eabi/lib/thumb/v7e-m+dp/hard\libc_nano.a(libc_a-init.o)
 .debug_frame   0x0000000000002020       0x28 C:/ST/STM32CubeIDE_1.11.2/STM32CubeIDE/plugins/com.st.stm32cube.ide.mcu.externaltools.gnu-tools-for-stm32.11.3.rel1.win32_1.1.100.202309141235/tools/bin/../lib/gcc/arm-none-eabi/11.3.1/../../../../arm-none-eabi/lib/thumb/v7e-m+dp/hard\libc_nano.a(libc_a-memcpy-stub.o)
 .debug_frame   0x0000000000002048       0x38 C:/ST/STM32CubeIDE_1.11.2/STM32CubeIDE/plugins/com.st.stm32cube.ide.mcu.externaltools.gnu-tools-for-stm32.11.3.rel1.win32_1.1.100.202309141235/tools/bin/../lib/gcc/arm-none-eabi/11.3.1/../../../../arm-none-eabi/lib/thumb/v7e-m+dp/hard\libm.a(libm_a-s_sin.o)
 .debug_frame   0x0000000000002080       0x20 C:/ST/STM32CubeIDE_1.11.2/STM32CubeIDE/plugins/com.st.stm32cube.ide.mcu.externaltools.gnu-tools-for-stm32.11.3.rel1.win32_1.1.100.202309141235/tools/bin/../lib/gcc/arm-none-eabi/11.3.1/../../../../arm-none-eabi/lib/thumb/v7e-m+dp/hard\libm.a(libm_a-k_cos.o)
 .debug_frame   0x00000000000020a0       0x20 C:/ST/STM32CubeIDE_1.11.2/STM32CubeIDE/plugins/com.st.stm32cube.ide.mcu.externaltools.gnu-tools-for-stm32.11.3.rel1.win32_1.1.100.202309141235/tools/bin/../lib/gcc/arm-none-eabi/11.3.1/../../../../arm-none-eabi/lib/thumb/v7e-m+dp/hard\libm.a(libm_a-k_sin.o)
 .debug_frame   0x00000000000020c0       0x34 C:/ST/STM32CubeIDE_1.11.2/STM32CubeIDE/plugins/com.st.stm32cube.ide.mcu.externaltools.gnu-tools-for-stm32.11.3.rel1.win32_1.1.100.202309141235/tools/bin/../lib/gcc/arm-none-eabi/11.3.1/../../../../arm-none-eabi/lib/thumb/v7e-m+dp/hard\libm.a(libm_a-e_rem_pio2.o)
 .debug_frame   0x00000000000020f4       0x20 C:/ST/STM32CubeIDE_1.11.2/STM32CubeIDE/plugins/com.st.stm32cube.ide.mcu.externaltools.gnu-tools-for-stm32.11.3.rel1.win32_1.1.100.202309141235/tools/bin/../lib/gcc/arm-none-eabi/11.3.1/../../../../arm-none-eabi/lib/thumb/v7e-m+dp/hard\libm.a(libm_a-s_fabs.o)
 .debug_frame   0x0000000000002114       0x68 C:/ST/STM32CubeIDE_1.11.2/STM32CubeIDE/plugins/com.st.stm32cube.ide.mcu.externaltools.gnu-tools-for-stm32.11.3.rel1.win32_1.1.100.202309141235/tools/bin/../lib/gcc/arm-none-eabi/11.3.1/../../../../arm-none-eabi/lib/thumb/v7e-m+dp/hard\libm.a(libm_a-k_rem_pio2.o)