../Core/Src/main.c:1097:13:MX_GPIO_Init	1
../Core/Src/main.c:1075:13:MX_DMA_Init	1
../Core/Src/main.c:92:5:Do_HighPass	1
../Core/Src/main.c:135:5:Do_PitchShift	15
../Core/Src/main.c:587:6:HAL_I2S_RxHalfCpltCallback	2
../Core/Src/main.c:596:6:HAL_I2S_RxCpltCallback	2
../Core/Src/main.c:605:6:HAL_I2S_TxHalfCpltCallback	2
../Core/Src/main.c:613:6:HAL_I2S_TxCpltCallback	2
../Core/Src/main.c:1133:6:Error_Handler	1
../Core/Src/main.c:993:13:MX_I2S2_Init	1
../Core/Src/main.c:1029:13:MX_SPI3_Init	1
../Core/Src/main.c:957:13:MX_I2S1_Init	1
../Core/Src/main.c:893:6:SystemClock_Config	3
../Core/Src/main.c:631:5:main	9
