../Core/Src/main.c:91:5:Do_PitchShift	13
../Core/Src/main.c:411:6:subbandfilter_calculation	3
../Core/Src/main.c:452:6:subbandfilter_octave2_calculation	3
../Core/Src/main.c:503:6:octave1up	1
../Core/Src/main.c:515:6:octave2up	1
../Core/Src/main.c:541:6:HAL_I2S_RxHalfCpltCallback	2
../Core/Src/main.c:550:6:HAL_I2S_RxCpltCallback	2
../Core/Src/main.c:559:6:HAL_I2S_TxHalfCpltCallback	2
../Core/Src/main.c:567:6:HAL_I2S_TxCpltCallback	2
../Core/Src/main.c:827:6:SystemClock_Config	5
../Core/Src/main.c:584:5:main	12
../Core/Src/main.c:1067:6:Error_Handler	1
